[wezom.com/index.html]
[backblue.gif]
[fade.gif]
[index.html]
[wezom.com/Media/pic/logo_open_graph.jpg]
[wezom.com/Media/assets/favicons/apple-touch-icon80ba.png]
[wezom.com/Media/assets/favicons/favicon-32x3280ba.png]
[wezom.com/Media/assets/favicons/favicon-16x1680ba.png]
[wezom.com/Media/assets/favicons/manifest80ba.json]
[wezom.com/Media/assets/favicons/browserconfig80ba.xml]
[wezom.com/about.html]
[wezom.com/services.html]
[wezom.com/industries/logistics-software-development.html]
[wezom.com/industries/nft-marketplace-development.html]
[wezom.com/software-development.html]
[wezom.com/web-development.html]
[wezom.com/ios-android-development.html]
[wezom.com/flutter-development.html]
[wezom.com/design.html]
[wezom.com/mvp.html]
[wezom.com/dedicated-team.html]
[wezom.com/employee-management.html]
[wezom.com/shipment-management.html]
[wezom.com/fleet-management.html]
[wezom.com/tms-system.html]
[wezom.com/route-planning.html]
[wezom.com/portfolio.html]
[wezom.com/contacts.html]
[wezom.com/blog.html]
[wezom.com/Media/assets/images/first-screen80ba.jpg]
[wezom.com/Media/assets/images/sg80ba.jpg]
[wezom.com/app-development.html]
[widget.clutch.co/static/js/widget.js]
[wezom.com/portfolio/riel.html]
[wezom.com/Media/assets/images/empty80ba.gif]
[wezom.com/portfolio/loadaza.html]
[wezom.com/portfolio/delivery-auto.html]
[wezom.com/Media/assets/images/clients/client-580ba.png]
[wezom.com/Media/assets/images/clients/client-480ba.png]
[wezom.com/Media/assets/images/clients/client-1280ba.png]
[wezom.com/Media/assets/images/clients/client-180ba.png]
[wezom.com/Media/assets/images/clients/client-1080ba.png]
[wezom.com/Media/assets/images/clients/client-1180ba.png]
[wezom.com/Media/assets/images/clients/client-680ba.png]
[wezom.com/Media/assets/images/clients/client-880ba.png]
[wezom.com/Media/assets/images/clients/client-980ba.png]
[wezom.com/Media/assets/images/clients/client-380ba.png]
[wezom.com/popup/contacts.html]
[wezom.com/Media/assets/images/E-CommerceDevelopers_202180ba.png]
[wezom.com/Media/assets/images/IT_Outsourcing_Services_202180ba.png]
[wezom.com/Media/assets/images/Web_Developers_202180ba.png]
[wezom.com/Media/assets/js/modernizr80ba.js]
[wezom.com/Media/assets/js/vendors80ba.js]
[wezom.com/Media/assets/js/initialize80ba.js]
[wezom.com/index.html]
[wezom.com/Media/assets/favicons/safari-pinned-tab80ba.svg]
[wezom.com/Media/assets/images/intl-tel-input/flags.png]
[wezom.com/Media/assets/fonts/lgb687.ttf]
[wezom.com/Media/assets/fonts/lgb687.woff]
[wezom.com/Media/assets/images/loading.gif]
[wezom.com/Media/assets/images/intl-tel-input/flags@2x.png]
[wezom.com/Media/assets/css/vendors80ba.css]
[wezom.com/Media/assets/css/editor80ba.css]
[wezom.com/Media/assets/css/static/pic/preloader.gif]
[wezom.com/Media/pic/bg_404.jpg]
[wezom.com/Media/assets/css/style80ba.css]
[wezom.com/Media/assets/css/helpers80ba.css]
[wezom.com/Media/assets/images/about80ba.jpg]
[wezom.com/Media/assets/images/countries/usa80ba.png]
[wezom.com/Media/assets/images/countries/germany80ba.png]
[wezom.com/Media/assets/images/countries/ukraine80ba.png]
[wezom.com/Media/assets/images/countries/poland80ba.png]
[wezom.com/Media/images/widgets/7771b53f32b0d402cac55c314f034e7880ba.png]
[wezom.com/Media/assets/images/leaders/LinkedIn80ba.png]
[wezom.com/Media/assets/images/leaders/Mail80ba.png]
[wezom.com/Media/images/employees/original/e72ec05e41ea728cfad90b7ab876db1b80ba.png]
[wezom.com/Media/images/employees/original/3b3d249599ccc33cadda29f52a18498780ba.png]
[wezom.com/Media/images/employees/original/4eb6889d06fdb24ded2ff36cb0a6203080ba.png]
[wezom.com/Media/images/employees/original/f506a54bf5a6b9fb9a0969845ae4ef8080ba.png]
[wezom.com/about.html]
[wezom.com/privacy-policy.html]
[wezom.com/Media/assets/favicons/manifest.json]
[wezom.com/Media/assets/images/services80ba.jpg]
[wezom.com/services.html]
[wezom.com/Media/video/industries-bg.jpg]
[wezom.com/Media/video/industry/aabdd302e2c7a914ac98608dff315165.mp4]
[wezom.com/Media/assets/images/industries/industries-discuss-bg80ba.jpg]
[wezom.com/Media/images/cases/original/58e700917483315e0f3d70a774bcbfe280ba.jpg]
[wezom.com/Media/images/cases/original/2adc4ca105ca0952e32d2739bc882fcb80ba.jpg]
[wezom.com/Media/images/cases/original/6daccb6a60e3baa8bd69fb917ee5bf0480ba.jpg]
[wezom.com/blog/wezom-lands-a-spot-on-clutch-top-100-companies-for-sustained-growth.html]
[wezom.com/blog/wezom-is-recognized-by-techreviewer-as-a-top-mobile-development-company-in-chicago.html]
[wezom.com/blog/transportation-and-logistics-software-solutions.html]
[wezom.com/industries/logistics-software-development.html]
[wezom.com/Media/video/industries.mp4]
[wezom.com/blog/5-trends-in-the-development-of-the-nft-market-in-2022.html]
[wezom.com/industries/nft-marketplace-development.html]
[wezom.com/blog/how-to-create-an-nft-marketplace.html]
[wezom.com/Media/images/image_opengraph/6710a3a8f9f27e7b7a96de039e6136e780ba.jpg]
[wezom.com/Media/images/services/original/336c1551accbd44e8f37615fb1a8a43380ba.jpg]
[wezom.com/software-development.html]
[wezom.com/Media/images/image_opengraph/6c7102fe9cc6aaa529ca703d813ff5c280ba.jpg]
[wezom.com/Media/images/services/original/3af11caa65b9f42a050ffd899cac580f80ba.jpg]
[wezom.com/web-development.html]
[wezom.com/Media/images/image_opengraph/30789a49a1361436c23b63bf17c6d97980ba.jpg]
[wezom.com/Media/images/services/original/67b2b9b966011e4eb59214b201a7df6280ba.jpg]
[wezom.com/ios-android-development.html]
[wezom.com/Media/images/image_opengraph/c865008303b462fa8f2357369209239d80ba.jpg]
[wezom.com/Media/images/services/original/5d990363c7238c99df35e45239946d8680ba.jpg]
[wezom.com/flutter-development.html]
[wezom.com/Media/images/image_opengraph/0d124f637d79b0973f7c88fdb2857a1c80ba.jpg]
[wezom.com/Media/images/services/original/59ce08da63a6fd187beff3d46744e81a80ba.jpg]
[wezom.com/design.html]
[wezom.com/Media/images/image_opengraph/79d98713c112752bf475e4c61f85c21380ba.jpg]
[wezom.com/Media/images/services/original/47eeff9aeb0764d1a1d56a614c60f34a80ba.jpg]
[wezom.com/mvp.html]
[wezom.com/Media/images/image_opengraph/607647f94fa0994c69776804f776debd80ba.jpg]
[wezom.com/Media/images/services/original/0c03f47faa908dea54737ac57179409580ba.jpg]
[wezom.com/dedicated-team.html]
[wezom.com/Media/images/image_opengraph/ab36a6395f3adf324d9a9134ce9f9be380ba.jpg]
[wezom.com/Media/images/services/original/4504efd725f4c2cf50ab8e8f87c1a01680ba.jpg]
[wezom.com/employee-management.html]
[wezom.com/Media/images/image_opengraph/f995d558a497c316729ad1f66bf0103f80ba.jpg]
[wezom.com/Media/images/services/original/82876f13a43d5e0f3d041610a4abec5c80ba.jpg]
[wezom.com/shipment-management.html]
[wezom.com/Media/images/image_opengraph/714b85917baef405f7f502088d1aea9e80ba.jpg]
[wezom.com/Media/images/services/original/d23aae5b1d2ed29557b0e3bc6e1040b180ba.jpg]
[wezom.com/fleet-management.html]
[wezom.com/Media/images/image_opengraph/d5c0a829f6e73924b7f067774478291780ba.jpg]
[wezom.com/Media/images/services/original/00a0ef09384a411a61fdaf73e1fe447380ba.jpg]
[wezom.com/tms-system.html]
[wezom.com/Media/images/image_opengraph/a7aecc6f708e2e7ebf902d35ffdc1a7a80ba.jpg]
[wezom.com/Media/images/services/original/845792b29e5b25c8800a6702a930910680ba.jpg]
[wezom.com/route-planning.html]
[wezom.com/Media/video/bg_projects.jpg]
[wezom.com/Media/video/projects.mp4]
[wezom.com/portfolio/stvol.html]
[wezom.com/portfolio/grata.html]
[wezom.com/portfolio/umanpivo.html]
[wezom.com/portfolio/kraina.html]
[wezom.com/portfolio/suzie.html]
[wezom.com/portfolio.html]
[wezom.com/portfolio/lavina-mall.html]
[wezom.com/Media/assets/images/contact80ba.jpg]
[wezom.com/contacts.html]
[wezom.com/Media/images/widgets/33c3a4cb65368dd3dd068ec6d043123580ba.webp]
[wezom.com/blog/ui-and-ux-design.html]
[wezom.com/blog/technologies.html]
[wezom.com/blog/case-studies--insights.html]
[wezom.com/blog/logistics.html]
[wezom.com/blog/crm-development.html]
[wezom.com/blog/mobile-development.html]
[wezom.com/blog/e-commerce.html]
[wezom.com/blog/software-development.html]
[wezom.com/blog/nft-nft-marketplace.html]
[wezom.com/blog/web-development.html]
[wezom.com/blog/sem.html]
[wezom.com/blog/news.html]
[wezom.com/blog/accounting-software-for-logistics-business.html]
[wezom.com/blog/move-2-earn-logistics-how-the-run-for-crypto-model-can-change-the-rules-transportation.html]
[wezom.com/blog/email-marketing-trends-for-supply-chain-and-logistics.html]
[wezom.com/blog/the-best-delivery-route-planner-app.html]
[wezom.com/blog/software-development-life-cycle.html]
[wezom.com/blog/the-6-best-web-based-tour-operator-software.html]
[wezom.com/blog/how-to-use-a-dedicated-team-model.html]
[wezom.com/blog/what-is-employee-management-software.html]
[wezom.com/blog/importance-of-a-mobile-app-for-the-construction.html]
[wezom.com/blog/ios-or-android-what-to-choose-and-where-to-start.html]
[wezom.com/blog/what-is-web-application-development.html]
[wezom.com/blog/myservice-we-made-a-car-service-in-a-smartphone-for-a-renault-volvo-and-mitsubishi-dealer.html]
[wezom.com/blog/page/2.html]
[wezom.com/blog/page/3.html]
[wezom.com/blog/page/7.html]
[wezom.com/blog/page/8.html]
[wezom.com/blog.html]
[wezom.com/blog/page/9.html]
[wezom.com/Media/images/image_opengraph/db787c9c94a5c67c77ba42a4eff6012d80ba.jpg]
[wezom.com/Media/images/services/original/d428d8c1793ca9a9f2b9ce4fc53f387a80ba.jpg]
[wezom.com/app-development.html]
[wezom.com/Media/images/cases/original/e1421e002b7aa3cdc0be5128916fe5b4.png]
[wezom.com/portfolio/riel.html]
[wezom.com/Media/images/cases/original/2e58ca506b9d1b9706f053ddec510d4f.png]
[wezom.com/portfolio/loadaza.html]
[wezom.com/Media/images/cases/original/d869f283d0356caef9b9c9ed081409bb.png]
[wezom.com/portfolio/delivery-auto.html]
[wezom.com/popup/contacts.html]
[wezom.com/Media/assets/fonts/lgb687.svg]
[wezom.com/Media/assets/css/static/pic/sitemap-start.svg]
[wezom.com/Media/assets/css/static/pic/sitemap-middle.svg]
[wezom.com/Media/assets/css/static/pic/sitemap-end.svg]
[wezom.com/Media/assets/images/down.svg]
[wezom.com/Media/assets/images/sprites/icons80ba.svg]
[wezom.com/Media/images/widgets/1760f4fed1d67feaf9034232ffd9f3fc80ba.jpg]
[wezom.com/privacy-policy.html]
[wezom.com/Media/images/image_opengraph/bf16c4e653c8b764bdf4edbd40da103a80ba.jpg]
[wezom.com/Media/images/blogstudio/8aea2abaf6a434e64fe27cb2d8861f4980ba.jpg]
[wezom.com/mobile-development.html]
[wezom.com/Media/files/filemanager/WEZOM-TOP-100.jpg]
[wezom.com/Media/files/filemanager/WEZOM-REVIEWS.jpg]
[wezom.com/blog/delivery-and-logistics-system.html]
[wezom.com/blog/wezom-lands-a-spot-on-clutch-top-100-companies-for-sustained-growth.html]
[wezom.com/blog/popular-digital-products-for-freight-transportation-organizing.html]
[wezom.com/Media/images/image_opengraph/1f82d4b0e96c07d5b5fa03ef16df367b80ba.jpg]
[wezom.com/Media/images/blogstudio/9776503da31b1a4df1ed3fe78a9dbb3680ba.jpg]
[wezom.com/Media/files/filemanager/wezom-.jpg]
[wezom.com/blog/what-is-supply-chain-analytics.html]
[wezom.com/blog/online-marketing-for-small-businesses.html]
[wezom.com/blog/wezom-is-recognized-by-techreviewer-as-a-top-mobile-development-company-in-chicago.html]
[wezom.com/blog/fleet-management-software--gps-tracking.html]
[wezom.com/Media/images/image_opengraph/841141a3f3fa2b4f9c8073e93e40d6b080ba.jpg]
[wezom.com/Media/images/blogstudio/6dd1a0cd576d03adce8a33b0b86757ef80ba.jpg]
[wezom.com/Media/files/filemanager/blog/transportationsoftwaresolutions/transportation-and-logistics-software-solutions-1.jpg]
[wezom.com/Media/files/filemanager/blog/transportationsoftwaresolutions/transportation-and-logistics-software-solutions-2.jpg]
[wezom.com/Media/files/filemanager/blog/transportationsoftwaresolutions/transportation-and-logistics-software-solutions-3.jpg]
[wezom.com/Media/files/filemanager/blog/transportationsoftwaresolutions/transportation-and-logistics-software-solutions-4.jpg]
[wezom.com/Media/files/filemanager/blog/transportationsoftwaresolutions/transportation-and-logistics-software-solutions-5.jpg]
[wezom.com/Media/files/filemanager/blog/transportationsoftwaresolutions/transportation-and-logistics-software-solutions-6.jpg]
[wezom.com/Media/files/filemanager/blog/transportationsoftwaresolutions/transportation-and-logistics-software-solutions-7.jpg]
[wezom.com/Media/files/filemanager/blog/transportationsoftwaresolutions/transportation-and-logistics-software-solutions-8.jpg]
[wezom.com/Media/files/filemanager/blog/transportationsoftwaresolutions/transportation-and-logistics-software-solutions-9.jpg]
[wezom.com/Media/images/bloggers/form/5e5976fdc5ff9d9bd52be003071c0a0880ba.jpg]
[wezom.com/blog/how-long-should-content-be.html]
[wezom.com/blog/implementation-of-a-crm-system.html]
[wezom.com/blog/transportation-and-logistics-software-solutions.html]
[wezom.com/blog/where-can-i-get-the-best-nft-marketplace-development-services.html]
[wezom.com/Media/assets/css/static/pic/wezom-noscript-logo.png]
[wezom.com/Media/assets/css/noscript80ba.css]
[wezom.com/Media/images/image_opengraph/40b13d552d62c37274e3088fc6955c1280ba.jpg]
[wezom.com/Media/images/blogstudio/65d7709c843aa9b796c9de4504d86df080ba.jpg]
[wezom.com/Media/files/filemanager/blog/5-trends-in-the-development-of-the-nft-market-in-2022/5-trends-in-the-development-of-the-nft-market-in-2022-5.jpg]
[wezom.com/Media/files/filemanager/blog/5-trends-in-the-development-of-the-nft-market-in-2022/5-trends-in-the-development-of-the-nft-market-in-2022-2.jpg]
[wezom.com/Media/files/filemanager/blog/5-trends-in-the-development-of-the-nft-market-in-2022/5-trends-in-the-development-of-the-nft-market-in-2022-3.jpg]
[wezom.com/Media/files/filemanager/blog/5-trends-in-the-development-of-the-nft-market-in-2022/5-trends-in-the-development-of-the-nft-market-in-2022-4.jpg]
[wezom.com/Media/images/bloggers/form/af0eaeb3b3624525e3cdb77e814a524080ba.jpg]
[wezom.com/blog/the-cost-of-crm-development.html]
[wezom.com/blog/cost-factors-for-building-a-flutter-app.html]
[wezom.com/blog/5-trends-in-the-development-of-the-nft-market-in-2022.html]
[wezom.com/blog/wezom-wins-clutch-2021-award-for-polish-unity-developers.html]
[wezom.com/Media/images/image_opengraph/e8eaf0e37da835bf93831d97d0b9911680ba.png]
[wezom.com/Media/images/blogstudio/cfac4aabcc1dd1d530c205bdcaa22fc880ba.png]
[wezom.com/Media/files/filemanager/blog/how-to-create-an-nft-marketplace/how-to-create-an-nft-marketplace-2.jpg]
[wezom.com/Media/files/filemanager/blog/how-to-create-an-nft-marketplace/how-to-create-an-nft-marketplace-3.jpg]
[wezom.com/Media/files/filemanager/blog/how-to-create-an-nft-marketplace/how-to-create-an-nft-marketplace-4.jpg]
[wezom.com/Media/files/filemanager/blog/how-to-create-an-nft-marketplace/how-to-create-an-nft-marketplace-8.jpg]
[wezom.com/Media/files/filemanager/blog/how-to-create-an-nft-marketplace/how-to-create-an-nft-marketplace-5.jpg]
[wezom.com/Media/images/bloggers/form/579b0e15d4fe91df66c7a186f7a39ae480ba.jpg]
[wezom.com/Media/files/filemanager/blog/how-to-create-an-nft-marketplace/how-to-create-an-nft-marketplace-6.jpg]
[wezom.com/Media/files/filemanager/blog/how-to-create-an-nft-marketplace/how-to-create-an-nft-marketplace-7.jpg]
[wezom.com/blog/mobile-e-commerce.html]
[wezom.com/blog/how-to-create-an-nft-marketplace.html]
[wezom.com/blog/how-to-automate-b2b-sales-and-gain-growth.html]
[wezom.com/Media/images/cases/original/9f3924fb893b0400795b44e3950f8870.png]
[wezom.com/portfolio/stvol.html]
[wezom.com/Media/images/cases/original/3e743d7855f5ba5a2e5d0e3f0e1d3d6e.png]
[wezom.com/portfolio/grata.html]
[wezom.com/Media/images/cases/original/82ab85d24d8d2365c697433c8c8dbe0d.png]
[wezom.com/portfolio/umanpivo.html]
[wezom.com/Media/images/cases/original/580ab01edf7218256128a4ebfcefe846.png]
[wezom.com/portfolio/kraina.html]
[wezom.com/Media/images/cases/original/724049a80ec748524b063b18a1dc4019.png]
[wezom.com/portfolio/suzie.html]
[wezom.com/Media/images/cases/original/a2a701429547cbe71d302edafc38a46b.png]
[wezom.com/portfolio/lavina-mall.html]
[wezom.com/blog/the-difference-between-ui-and-ux-design.html]
[wezom.com/blog/ui-and-ux-design.html]
[wezom.com/blog/top-5-uxui-mistakes-to-avoid-when-developing-a-mobile-app.html]
[wezom.com/blog/retail-digitalization-all-theres-to-know.html]
[wezom.com/blog/bugs-how-errors-occur-in-applications-and-why-you-shouldnt-be-afraid-of-them.html]
[wezom.com/blog/technologies.html]
[wezom.com/blog/graphql-as-a-foundation-for-multi-platform-website.html]
[wezom.com/blog/offshore-vs-nearshore-outsourcing.html]
[wezom.com/blog/1-million-square-meters-in-digital-space.html]
[wezom.com/blog/small-advertising-budgets-for-big-results.html]
[wezom.com/blog/how-to-recover-from-google-penalty-best-ways.html]
[wezom.com/blog/case-studies--insights.html]
[wezom.com/blog/why-your-business-needs-a-blog.html]
[wezom.com/blog/development-of-geolocation-apps.html]
[wezom.com/blog/the-5-best-time-tracking-apps.html]
[wezom.com/blog/electric-vehicle-fleet-management.html]
[wezom.com/blog/how-to-optimize-route-management.html]
[wezom.com/blog/elastic-logistics-customized-operations.html]
[wezom.com/blog/how-to-develop-a-gps-tracking-software.html]
[wezom.com/blog/shipping-container-tracking-for-full-cargo-visibility.html]
[wezom.com/blog/top-logistics-and-supply-chain-trends-of-2022.html]
[wezom.com/blog/benefits-of-erp-in-supply-chain-management.html]
[wezom.com/blog/logistics/page/2.html]
[wezom.com/blog/logistics.html]
[wezom.com/blog/logistics/page/3.html]
[wezom.com/blog/top-crm-for-real-estate-agents.html]
[wezom.com/blog/wezom-steps-up-the-future-of-crms-in-car-hauling-after-jtracker.html]
[wezom.com/blog/custom-vs-packaged-crm-system-for-logistics-and-transportation-companies.html]
[wezom.com/blog/crm-for-food-delivery-service.html]
[wezom.com/blog/crm-systems-for-logistics.html]
[wezom.com/blog/crm-development.html]
[wezom.com/blog/crm-for-transportation-companies.html]
[wezom.com/blog/mobile-commerces-growing-importance-on-sales-and-shopping-trends.html]
[wezom.com/blog/mobile-application-development-checklist.html]
[wezom.com/blog/approaching-app-development-using-the-dedicated-team-model.html]
[wezom.com/blog/mobile-app-development-for-logistics-companies.html]
[wezom.com/blog/native-vs-hybrid-app-development-for-logistics.html]
[wezom.com/blog/case-mobile-app-development-for-delivery-group.html]
[wezom.com/blog/taxi-application-development-guide.html]
[wezom.com/blog/how-to-build-a-delivery-app.html]
[wezom.com/blog/mobile-development.html]
[wezom.com/blog/a-step-by-step-guide-to-building-your-first-mobile-app.html]
[wezom.com/blog/e-commerce-development-trends-in-2022.html]
[wezom.com/blog/e-commerce-vs-marketplace-opposing-views.html]
[wezom.com/blog/e-commerce-systems-prospects-and-benefits.html]
[wezom.com/blog/e-commerce.html]
[wezom.com/blog/e-commerce-logistics-modern-business-management-systems.html]
[wezom.com/blog/how-does-tms-impact-your-business.html]
[wezom.com/blog/the-best-frameworks-for-cross-platform-development.html]
[wezom.com/blog/how-much-does-it-cost-to-develop-a-ride-hailing-app.html]
[wezom.com/blog/software-development.html]
[wezom.com/blog/how-to-build-an-mvp-in-2022.html]
[wezom.com/blog/how-to-create-an-nft.html]
[wezom.com/blog/role-of-crypto-in-the-metaverse.html]
[wezom.com/blog/pros-and-cons-of-non-fungible-tokens-nfts.html]
[wezom.com/blog/what-are-the-features-of-the-nft-marketplace.html]
[wezom.com/blog/whats-the-best-nft-marketplace-for-selling-crypto-art.html]
[wezom.com/blog/how-do-i-build-an-nft-marketplace.html]
[wezom.com/blog/who-develops-the-best-nft-marketplace-app.html]
[wezom.com/blog/nft-nft-marketplace.html]
[wezom.com/blog/will-the-bubble-burst-what-to-do-with-nfts-in-2022.html]
[wezom.com/blog/web-development.html]
[wezom.com/blog/desktop-applications.html]
[wezom.com/blog/shop-without-windows-what-is-a-dark-store.html]
[wezom.com/blog/content-strategists-what-you-should-know-about-them.html]
[wezom.com/blog/seo-tips-for-one-page-websites.html]
[wezom.com/blog/sem.html]
[wezom.com/blog/neuromarketing-fundamentals.html]
[wezom.com/blog/the-ukrainian-it-sector-has-endured-the-russian-invasion-whats-next.html]
[wezom.com/blog/survival-and-perserverence-wezom-endures-the-shock-of-war.html]
[wezom.com/blog/news.html]
[wezom.com/blog/wezom-is-recognized-by-techreviewer-as-a--top-web-development-company-in-2021.html]
[wezom.com/Media/images/image_opengraph/3b21f851ab543a0fd09db8a00e1bf6e080ba.jpg]
[wezom.com/Media/images/blogstudio/99f9a8795c87b196dcf3ba364bc13c3680ba.jpg]
[wezom.com/Media/files/filemanager/blog/accounting-software-for-logistics-business/accounting-software-for-logistics-business-2.jpg]
[wezom.com/Media/files/filemanager/blog/accounting-software-for-logistics-business/accounting-software-for-logistics-business-3.jpg]
[wezom.com/Media/files/filemanager/blog/accounting-software-for-logistics-business/accounting-software-for-logistics-business-4.jpg]
[wezom.com/Media/files/filemanager/blog/accounting-software-for-logistics-business/accounting-software-for-logistics-business-5.jpg]
[wezom.com/blog/choosing-transport-management-software.html]
[wezom.com/blog/accounting-software-for-logistics-business.html]
[wezom.com/blog/logistics-management-systems.html]
[wezom.com/Media/images/image_opengraph/655d14256dc7cce825b443b15c934f6d80ba.jpg]
[wezom.com/Media/images/blogstudio/1b8645afa62a0e3aa08fc9068d29f12780ba.jpg]
[wezom.com/Media/files/filemanager/Cover.jpg]
[wezom.com/Media/files/filemanager/1.jpg]
[wezom.com/Media/files/filemanager/2.jpg]
[wezom.com/Media/files/filemanager/3.jpg]
[wezom.com/Media/files/filemanager/4.jpg]
[wezom.com/Media/images/bloggers/form/2e02e46f716c9d97b561da2824627da180ba.jpg]
[wezom.com/blog/move-2-earn-logistics-how-the-run-for-crypto-model-can-change-the-rules-transportation.html]
[wezom.com/Media/images/image_opengraph/d935ef33d212771b988369ae3c82db1380ba.jpg]
[wezom.com/Media/images/blogstudio/78356923d5d8c49c992ea042d1b275da80ba.jpg]
[wezom.com/Media/files/filemanager/blog/email-marketing-trends-for-supply-chain-and-logistics/email-marketing-trends-for-supply-chain-and-logistics-2.jpg]
[wezom.com/Media/files/filemanager/blog/email-marketing-trends-for-supply-chain-and-logistics/email-marketing-trends-for-supply-chain-and-logistics-3.jpg]
[wezom.com/Media/files/filemanager/blog/email-marketing-trends-for-supply-chain-and-logistics/email-marketing-trends-for-supply-chain-and-logistics-4.jpg]
[wezom.com/Media/files/filemanager/blog/email-marketing-trends-for-supply-chain-and-logistics/email-marketing-trends-for-supply-chain-and-logistics-5.jpg]
[wezom.com/blog/email-marketing-trends-for-supply-chain-and-logistics.html]
[wezom.com/Media/images/image_opengraph/bbd22f9d8b6569c30f533efa1cb6140d80ba.png]
[wezom.com/Media/images/blogstudio/c58980657e9fea3d190f5b65b1ffb2f680ba.png]
[wezom.com/Media/files/filemanager/blog/the-best-delivery-route-planner-app/the-best-delivery-route-planner-app-2.png]
[wezom.com/Media/files/filemanager/blog/the-best-delivery-route-planner-app/the-best-delivery-route-planner-app-5.png]
[wezom.com/Media/files/filemanager/blog/the-best-delivery-route-planner-app/the-best-delivery-route-planner-app-3.png]
[wezom.com/Media/files/filemanager/blog/the-best-delivery-route-planner-app/the-best-delivery-route-planner-app-4.png]
[wezom.com/blog/the-best-delivery-route-planner-app.html]
[wezom.com/Media/images/image_opengraph/2a23a0fcb50d27d38e6ef1259deb35ae80ba.png]
[wezom.com/Media/images/blogstudio/bf0d9c6fbe5bdd9608efa6bddaaa444380ba.png]
[wezom.com/Media/files/filemanager/blog/software-development-life-cycle/software-development-life-cycle-2.png]
[wezom.com/Media/files/filemanager/blog/software-development-life-cycle/software-development-life-cycle-3.png]
[wezom.com/Media/files/filemanager/blog/software-development-life-cycle/software-development-life-cycle-4.png]
[wezom.com/Media/files/filemanager/blog/software-development-life-cycle/software-development-life-cycle-5.png]
[wezom.com/blog/software-development-life-cycle.html]
[wezom.com/blog/vehicle-inspection-system-for-auto-transport-business.html]
[wezom.com/Media/images/image_opengraph/39095dfd3ee328cb29a44a7e8907cbcc80ba.jpg]
[wezom.com/Media/images/blogstudio/ead6ce0ae59455865570ff97b861178280ba.jpg]
[wezom.com/Media/files/filemanager/blog/the-6-best-web-based-tour-operator-software/the-6-best-web-based-tour-operator-software-2.jpg]
[wezom.com/Media/files/filemanager/blog/the-6-best-web-based-tour-operator-software/the-6-best-web-based-tour-operator-software-3.jpg]
[wezom.com/Media/files/filemanager/blog/the-6-best-web-based-tour-operator-software/the-6-best-web-based-tour-operator-software-4.jpg]
[wezom.com/Media/files/filemanager/blog/the-6-best-web-based-tour-operator-software/the-6-best-web-based-tour-operator-software-5.jpg]
[wezom.com/blog/the-6-best-web-based-tour-operator-software.html]
[wezom.com/Media/images/image_opengraph/3baaf4d02d29fe339d47d8149586d29080ba.jpg]
[wezom.com/Media/images/blogstudio/f79b99bb1fe598c03452b014077090e380ba.jpg]
[wezom.com/Media/files/filemanager/blog/how-to-use-a-dedicated-team-model/how-to-use-a-dedicated-team-model-2.jpg]
[wezom.com/Media/files/filemanager/blog/how-to-use-a-dedicated-team-model/how-to-use-a-dedicated-team-model-3.jpg]
[wezom.com/Media/files/filemanager/blog/how-to-use-a-dedicated-team-model/how-to-use-a-dedicated-team-model-4.jpg]
[wezom.com/Media/files/filemanager/blog/how-to-use-a-dedicated-team-model/how-to-use-a-dedicated-team-model-5.jpg]
[wezom.com/blog/how-to-use-a-dedicated-team-model.html]
[wezom.com/Media/images/image_opengraph/75b0ac4e6a562cfbb4cfe4e87339594a80ba.png]
[wezom.com/Media/images/blogstudio/0647947a9fb281fd5b910e901c6a8d6880ba.png]
[wezom.com/Media/files/filemanager/blog/what-is-employee-management-software/what-is-employee-management-software-2.png]
[wezom.com/Media/files/filemanager/blog/what-is-employee-management-software/what-is-employee-management-software-3.png]
[wezom.com/Media/files/filemanager/blog/what-is-employee-management-software/what-is-employee-management-software-4.png]
[wezom.com/Media/files/filemanager/blog/what-is-employee-management-software/what-is-employee-management-software-5.png]
[wezom.com/blog/what-is-employee-management-software.html]
[wezom.com/blog/popular-digital-products-for-freight-transportation-organizing--reviews-part-2.html]
[wezom.com/Media/images/image_opengraph/51cd40c525ea86cc5a8b40638c282c4e80ba.jpg]
[wezom.com/Media/images/blogstudio/c8d7b42f4f9ac53fda7dec8f21a3e76980ba.jpg]
[wezom.com/Media/files/filemanager/blog/importance-of-a-mobile-app-for-the-construction/importance-of-a-mobile-app-for-the-construction-2.jpg]
[wezom.com/Media/files/filemanager/blog/importance-of-a-mobile-app-for-the-construction/importance-of-a-mobile-app-for-the-construction-3.jpg]
[wezom.com/Media/files/filemanager/blog/importance-of-a-mobile-app-for-the-construction/importance-of-a-mobile-app-for-the-construction-4.jpg]
[wezom.com/Media/files/filemanager/blog/importance-of-a-mobile-app-for-the-construction/importance-of-a-mobile-app-for-the-construction-5.jpg]
[wezom.com/blog/importance-of-a-mobile-app-for-the-construction.html]
[wezom.com/blog/choosing-a-tech-stack-for-your-transportation-management-system.html]
[wezom.com/Media/images/image_opengraph/3b68df2027523537e5207134d2c6255680ba.jpg]
[wezom.com/Media/images/blogstudio/a764da237bb79b293ace8864574bf18780ba.jpg]
[wezom.com/Media/files/filemanager/blog/ios-or-android-what-to-choose-and-where-to-start/ios-or-android-what-to-choose-and-where-to-start-2.jpg]
[wezom.com/Media/files/filemanager/blog/ios-or-android-what-to-choose-and-where-to-start/ios-or-android-what-to-choose-and-where-to-start-3.jpg]
[wezom.com/Media/files/filemanager/blog/ios-or-android-what-to-choose-and-where-to-start/ios-or-android-what-to-choose-and-where-to-start-4.jpg]
[wezom.com/Media/files/filemanager/blog/ios-or-android-what-to-choose-and-where-to-start/ios-or-android-what-to-choose-and-where-to-start-5.jpg]
[wezom.com/blog/ios-or-android-what-to-choose-and-where-to-start.html]
[wezom.com/Media/images/image_opengraph/2f70a7e36384ee36af23ad71ad3437ae80ba.jpg]
[wezom.com/Media/images/blogstudio/9bf95be70bc7d110dafe64b9963e877680ba.jpg]
[wezom.com/Media/files/filemanager/blog/what-is-web-application-development/what-is-web-application-development-2.jpg]
[wezom.com/Media/files/filemanager/blog/what-is-web-application-development/what-is-web-application-development-3.jpg]
[wezom.com/Media/files/filemanager/blog/what-is-web-application-development/what-is-web-application-development-4.jpg]
[wezom.com/Media/files/filemanager/blog/what-is-web-application-development/what-is-web-application-development-5.jpg]
[wezom.com/blog/what-is-web-application-development.html]
[wezom.com/Media/images/image_opengraph/a09f63c28df5ce6649db48776561bd0080ba.jpg]
[wezom.com/Media/images/blogstudio/3bcfb15021e15f8e707e404b072b6ec280ba.jpg]
[wezom.com/Media/files/filemanager/blog/myservice-we-made-a-car-service-in-a-smartphone/myservice-we-made-a-car-service-in-a-smartphone-for-a-renault-volvo-and-mitsubishi-dealer-1.jpg]
[wezom.com/Media/files/filemanager/blog/myservice-we-made-a-car-service-in-a-smartphone/myservice-we-made-a-car-service-in-a-smartphone-for-a-renault-volvo-and-mitsubishi-dealer-2.jpg]
[wezom.com/Media/files/filemanager/blog/myservice-we-made-a-car-service-in-a-smartphone/myservice-we-made-a-car-service-in-a-smartphone-for-a-renault-volvo-and-mitsubishi-dealer-3.jpg]
[wezom.com/Media/files/filemanager/blog/myservice-we-made-a-car-service-in-a-smartphone/myservice-we-made-a-car-service-in-a-smartphone-for-a-renault-volvo-and-mitsubishi-dealer-4.jpg]
[wezom.com/Media/files/filemanager/blog/myservice-we-made-a-car-service-in-a-smartphone/myservice-we-made-a-car-service-in-a-smartphone-for-a-renault-volvo-and-mitsubishi-dealer-5.jpg]
[wezom.com/Media/files/filemanager/blog/myservice-we-made-a-car-service-in-a-smartphone/myservice-we-made-a-car-service-in-a-smartphone-for-a-renault-volvo-and-mitsubishi-dealer-6.jpg]
[wezom.com/Media/files/filemanager/blog/myservice-we-made-a-car-service-in-a-smartphone/myservice-we-made-a-car-service-in-a-smartphone-for-a-renault-volvo-and-mitsubishi-dealer-7.jpg]
[wezom.com/blog/myservice-we-made-a-car-service-in-a-smartphone-for-a-renault-volvo-and-mitsubishi-dealer.html]
[wezom.com/blog/best-logistics-software-solutions-for-your-business.html]
[wezom.com/blog/page/4.html]
[wezom.com/blog/page/2.html]
[wezom.com/blog/page/5.html]
[wezom.com/blog/page/3.html]
[wezom.com/blog/page/6.html]
[wezom.com/blog/warehouse-management-system-wms.html]
[wezom.com/blog/page/7.html]
[wezom.com/blog/page/8.html]
[wezom.com/blog/page/9.html]
[wezom.com/mobile-development.html]
[wezom.com/blog/logistics-customer-portal.html]
[wezom.com/Media/images/image_opengraph/ade87cd7c78377684f9ef245eed96d9080ba.jpg]
[wezom.com/Media/images/blogstudio/b47348a6749c04d8f9d5049c082f492480ba.jpg]
[wezom.com/Media/files/filemanager/blog/Delivery/delivery-and-logistics-system-2.jpg]
[wezom.com/Media/files/filemanager/blog/Delivery/delivery-and-logistics-system-3.jpg]
[wezom.com/Media/files/filemanager/blog/Delivery/delivery-and-logistics-system-4.jpg]
[wezom.com/blog/delivery-and-logistics-system.html]
[wezom.com/Media/images/image_opengraph/8603dc4cbc3bf10ec785cdb6c7188fb980ba.jpg]
[wezom.com/Media/images/blogstudio/4cf89493ccafb668fe438a7080d6ae6380ba.jpg]
[wezom.com/Media/files/filemanager/part 1/01superdispatch.png]
[wezom.com/Media/files/filemanager/part 1/02CentralDispatch_Монтажная область 1.png]
[wezom.com/Media/files/filemanager/part 1/03Ready Logistics_Монтажная область 1.png]
[wezom.com/Media/files/filemanager/part 1/04CarsArrive Network_Монтажная область 1.png]
[wezom.com/Media/files/filemanager/part 1/05Reindeer_Монтажная область 1.png]
[wezom.com/Media/files/filemanager/part 1/06Metrogistics_Монтажная область 1.png]
[wezom.com/Media/files/filemanager/part 1/07Adesa_Монтажная область 1.png]
[wezom.com/Media/files/filemanager/part 1/08Manheim_Монтажная область 1.png]
[wezom.com/Media/files/filemanager/part 1/09United Road_Монтажная область 1.png]
[wezom.com/blog/popular-digital-products-for-freight-transportation-organizing.html]
[wezom.com/Media/images/image_opengraph/9a60a656ede00417d0d003e88b6c6a2680ba.jpg]
[wezom.com/Media/images/blogstudio/a2432cc9c936b56fe972f9cc34f40eac80ba.jpg]
[wezom.com/Media/files/filemanager/blog/supply chain analytics/what-is-supply-chain-analytics-2.jpg]
[wezom.com/Media/files/filemanager/blog/supply chain analytics/what-is-supply-chain-analytics-3.jpg]
[wezom.com/Media/files/filemanager/blog/supply chain analytics/what-is-supply-chain-analytics-4.jpg]
[wezom.com/blog/what-is-supply-chain-analytics.html]
[wezom.com/Media/images/image_opengraph/00cdaf19168c4c0b63d85ac2bdd82e6180ba.jpg]
[wezom.com/Media/images/blogstudio/df6dc72448cfd3e053157a1d3379cde280ba.jpg]
[wezom.com/blog/online-marketing-for-small-businesses.html]
[wezom.com/Media/images/image_opengraph/2a0116d82921708bee7c5466523379de80ba.jpg]
[wezom.com/Media/images/blogstudio/cf36b1ffe64b964d43a9cdac09c9233f80ba.jpg]
[wezom.com/Media/files/filemanager/blog/GPS tracking/fleet-management-software--gps-tracking-2.jpg]
[wezom.com/Media/files/filemanager/blog/GPS tracking/fleet-management-software--gps-tracking-3.jpg]
[wezom.com/Media/files/filemanager/blog/GPS tracking/fleet-management-software--gps-tracking-4.jpg]
[wezom.com/Media/files/filemanager/blog/GPS tracking/fleet-management-software--gps-tracking-5.jpg]
[wezom.com/blog/fleet-management-software--gps-tracking.html]
[wezom.com/Media/images/image_opengraph/d92e7ba38df33dc2ef2ce63685cdc4d580ba.png]
[wezom.com/Media/images/blogstudio/d321501f7ad4bd1f66fe340dfcf45aa980ba.png]
[wezom.com/blog/how-long-should-content-be.html]
[wezom.com/Media/images/image_opengraph/0954c5604fe3f372fe09d6176e23c5fb80ba.jpg]
[wezom.com/Media/images/blogstudio/7383a5f9d145561580ad4e0d815c849c80ba.jpg]
[wezom.com/Media/files/filemanager/blog/implementation-of-a-crm-system/vnedrenie-crm-sistemy-2.jpg]
[wezom.com/Media/images/bloggers/form/de49772f3512068151dcb81dfe21d65780ba.jpg]
[wezom.com/Media/files/filemanager/blog/implementation-of-a-crm-system/vnedrenie-crm-sistemy-3.jpg]
[wezom.com/Media/files/filemanager/blog/implementation-of-a-crm-system/vnedrenie-crm-sistemy-4.jpg]
[wezom.com/blog/implementation-of-a-crm-system.html]
[wezom.com/Media/images/image_opengraph/c6c94ca898fd448da2c30247c4c55c8680ba.png]
[wezom.com/Media/images/blogstudio/f13f45e495fe8c734e7ab4f279b2d27780ba.png]
[wezom.com/Media/files/filemanager/blog/where-can-i-get-the-best-nft-marketplace-development-services/where-can-i-get-the-best-nft-marketplace-development-services-2.png]
[wezom.com/Media/files/filemanager/blog/where-can-i-get-the-best-nft-marketplace-development-services/where-can-i-get-the-best-nft-marketplace-development-services-3.png]
[wezom.com/Media/files/filemanager/blog/where-can-i-get-the-best-nft-marketplace-development-services/where-can-i-get-the-best-nft-marketplace-development-services-4.png]
[wezom.com/Media/images/bloggers/form/18af15e73067da9d3b734d2ffb0d3f9180ba.jpg]
[wezom.com/blog/where-can-i-get-the-best-nft-marketplace-development-services.html]
[wezom.com/Media/images/image_opengraph/cfbe66ce6b4e675cc883587b602aa92380ba.jpg]
[wezom.com/Media/images/blogstudio/1b980fa0fdd7a12a4ef7b5b20904e23980ba.jpg]
[wezom.com/Media/files/filemanager/blog/the-cost-of-crm-development/skolko-stoit-razrabotka-crm-2.jpg]
[wezom.com/Media/files/filemanager/blog/the-cost-of-crm-development/skolko-stoit-razrabotka-crm-3.jpg]
[wezom.com/Media/files/filemanager/blog/the-cost-of-crm-development/skolko-stoit-razrabotka-crm-4.jpg]
[wezom.com/blog/the-cost-of-crm-development.html]
[wezom.com/Media/images/image_opengraph/9b34ab132a016e01f6df9cd6dbc76d6180ba.jpg]
[wezom.com/Media/images/blogstudio/e7a3d2d6bcca03d22fa6c1af9b9d900a80ba.jpg]
[wezom.com/Media/files/filemanager/blog/cost-factors-for-building-a-flutter-app/cost-factors-for-building-a-flutter-app-2.png]
[wezom.com/Media/files/filemanager/blog/cost-factors-for-building-a-flutter-app/cost-factors-for-building-a-flutter-app-3.png]
[wezom.com/Media/files/filemanager/blog/cost-factors-for-building-a-flutter-app/cost-factors-for-building-a-flutter-app-4.png]
[wezom.com/blog/cost-factors-for-building-a-flutter-app.html]
[wezom.com/Media/images/image_opengraph/cdb5f0ac80c5fd8986d9620ceb12791180ba.jpg]
[wezom.com/Media/images/blogstudio/a767e680372d8f7fe1bbfa7e3cc8af0a80ba.jpg]
[wezom.com/Media/files/filemanager/Screenshot_1_1.jpg]
[wezom.com/blog/wezom-wins-clutch-2021-award-for-polish-unity-developers.html]
[wezom.com/Media/images/image_opengraph/5fc172b984650d2d73e81e58bdb2ab6180ba.jpg]
[wezom.com/Media/images/blogstudio/b9297a6a5b44b14e3fdcbeb8c3351ee580ba.jpg]
[wezom.com/Media/files/filemanager/blog/mobile-e-commerce/mobile-e-commerce-2.jpg]
[wezom.com/Media/files/filemanager/blog/mobile-e-commerce/mobile-e-commerce-3.jpg]
[wezom.com/Media/files/filemanager/blog/mobile-e-commerce/mobile-e-commerce-4.jpg]
[wezom.com/Media/files/filemanager/blog/mobile-e-commerce/mobile-e-commerce-5.jpg]
[wezom.com/Media/files/filemanager/blog/mobile-e-commerce/mobile-e-commerce-6.jpg]
[wezom.com/Media/files/filemanager/blog/mobile-e-commerce/mobile-e-commerce-7.jpg]
[wezom.com/blog/mobile-e-commerce.html]
[wezom.com/Media/images/image_opengraph/590ad5a75bd2e6e9ba52f9463310a93380ba.jpg]
[wezom.com/Media/images/blogstudio/7cc853b4e92fc3ce9ed568fcbee8dc8a80ba.jpg]
[wezom.com/Media/files/filemanager/blog/how-to-automate-b2b-sales-and-gain-growth/how-to-automate-b2b-sales-and-gain-growth-2.jpg]
[wezom.com/Media/files/filemanager/blog/how-to-automate-b2b-sales-and-gain-growth/how-to-automate-b2b-sales-and-gain-growth-3.jpg]
[wezom.com/Media/files/filemanager/blog/how-to-automate-b2b-sales-and-gain-growth/how-to-automate-b2b-sales-and-gain-growth-4.jpg]
[wezom.com/Media/files/filemanager/blog/how-to-automate-b2b-sales-and-gain-growth/how-to-automate-b2b-sales-and-gain-growth-5.jpg]
[wezom.com/blog/how-to-automate-b2b-sales-and-gain-growth.html]
[wezom.com/Media/images/image_opengraph/7d3979bace53a8605e02a4e34d1b8ab280ba.png]
[wezom.com/Media/images/blogstudio/5fc747e247204c88b8d3b673af9676cf80ba.png]
[wezom.com/Media/files/filemanager/blog/the-difference-between-ui-and-ux-design-a-begin/the-difference-between-ui-and-ux-design-a-beginners-guide-to-designing-for-user-experience-2.png]
[wezom.com/Media/files/filemanager/blog/the-difference-between-ui-and-ux-design-a-begin/the-difference-between-ui-and-ux-design-a-beginners-guide-to-designing-for-user-experience-3.png]
[wezom.com/Media/files/filemanager/blog/the-difference-between-ui-and-ux-design-a-begin/the-difference-between-ui-and-ux-design-a-beginners-guide-to-designing-for-user-experience-4.png]
[wezom.com/Media/files/filemanager/blog/the-difference-between-ui-and-ux-design-a-begin/the-difference-between-ui-and-ux-design-a-beginners-guide-to-designing-for-user-experience-5.png]
[wezom.com/blog/the-difference-between-ui-and-ux-design.html]
[wezom.com/Media/images/image_opengraph/1e950ec685814ca6210fe615239496ba80ba.jpg]
[wezom.com/Media/images/blogstudio/f8edc777eb976436db8086761821df7d80ba.jpg]
[wezom.com/Media/files/filemanager/blog/top5ux/top-5-uxui-mistakes-to-avoid-when-developing-a-mobile-app-1.jpg]
[wezom.com/Media/files/filemanager/blog/top5ux/top-5-uxui-mistakes-to-avoid-when-developing-a-mobile-app-2.jpg]
[wezom.com/Media/files/filemanager/blog/top5ux/top-5-uxui-mistakes-to-avoid-when-developing-a-mobile-app-3.jpg]
[wezom.com/Media/files/filemanager/blog/top5ux/top-5-uxui-mistakes-to-avoid-when-developing-a-mobile-app-4.jpg]
[wezom.com/Media/files/filemanager/blog/top5ux/top-5-uxui-mistakes-to-avoid-when-developing-a-mobile-app-5.jpg]
[wezom.com/Media/files/filemanager/blog/top5ux/top-5-uxui-mistakes-to-avoid-when-developing-a-mobile-app-6.jpg]
[wezom.com/blog/top-5-uxui-mistakes-to-avoid-when-developing-a-mobile-app.html]
[wezom.com/Media/images/image_opengraph/4c53d87b639543eff21bcfb98ae6ecc180ba.jpg]
[wezom.com/Media/images/blogstudio/9d368f9dd41959a9711e4a8b9b0e672b80ba.jpg]
[wezom.com/Media/files/filemanager/blog/retail-digitalization-all-theres-to-know/retail-digitalization-all-theres-to-know-2.jpg]
[wezom.com/Media/files/filemanager/blog/retail-digitalization-all-theres-to-know/retail-digitalization-all-theres-to-know-3.jpg]
[wezom.com/Media/files/filemanager/blog/retail-digitalization-all-theres-to-know/retail-digitalization-all-theres-to-know-4.jpg]
[wezom.com/blog/retail-digitalization-all-theres-to-know.html]
[wezom.com/Media/images/image_opengraph/504ac5a345d34e27f14488e6d6e031f480ba.jpg]
[wezom.com/Media/images/blogstudio/43107dd3ad049951e00d240e5fb0de9380ba.jpg]
[wezom.com/Media/files/filemanager/blog/bugs-how-errors-occur-in-applications-and-why-you-shouldnt-be-afraid-of-them/bagi-kak-v-prilozhenijah-voznikajut-oshibki-2.jpg]
[wezom.com/Media/files/filemanager/blog/bugs-how-errors-occur-in-applications-and-why-you-shouldnt-be-afraid-of-them/bagi-kak-v-prilozhenijah-voznikajut-oshibki-3.jpg]
[wezom.com/Media/files/filemanager/blog/bugs-how-errors-occur-in-applications-and-why-you-shouldnt-be-afraid-of-them/bagi-kak-v-prilozhenijah-voznikajut-oshibki-4.jpg]
[wezom.com/Media/files/filemanager/blog/bugs-how-errors-occur-in-applications-and-why-you-shouldnt-be-afraid-of-them/bagi-kak-v-prilozhenijah-voznikajut-oshibki-5.jpg]
[wezom.com/blog/bugs-how-errors-occur-in-applications-and-why-you-shouldnt-be-afraid-of-them.html]
[wezom.com/Media/images/image_opengraph/05f9cc5c0495868687e3d88a46d9c62e80ba.jpg]
[wezom.com/Media/images/blogstudio/47ff6b12fd5907a46a8046eabd3739ed80ba.jpg]
[wezom.com/Media/files/filemanager/blog/GraphQL/graphql-as-a-foundation-for-multi-platform-website-2.jpg]
[wezom.com/Media/files/filemanager/blog/GraphQL/graphql-as-a-foundation-for-multi-platform-website-3.png]
[wezom.com/Media/files/filemanager/blog/GraphQL/graphql-as-a-foundation-for-multi-platform-website-4.jpg]
[wezom.com/Media/files/filemanager/blog/GraphQL/graphql-as-a-foundation-for-multi-platform-website-5.jpg]
[wezom.com/Media/files/filemanager/blog/GraphQL/graphql-as-a-foundation-for-multi-platform-website-6.jpg]
[wezom.com/Media/files/filemanager/blog/GraphQL/graphql-as-a-foundation-for-multi-platform-website-7.png]
[wezom.com/blog/graphql-as-a-foundation-for-multi-platform-website.html]
[wezom.com/Media/images/image_opengraph/f7e90bb09d4a9aaa25146bb5f54f1d0780ba.jpg]
[wezom.com/Media/images/blogstudio/f1481cd326bec4c9ff376bc28d04c79480ba.jpg]
[wezom.com/Media/files/filemanager/blog/offshore-vs-nearshore-outsourcing/offshore-vs-nearshore-outsourcing-2.jpg]
[wezom.com/Media/files/filemanager/blog/offshore-vs-nearshore-outsourcing/offshore-vs-nearshore-outsourcing-3.jpg]
[wezom.com/Media/files/filemanager/blog/offshore-vs-nearshore-outsourcing/offshore-vs-nearshore-outsourcing-4.jpg]
[wezom.com/Media/files/filemanager/blog/offshore-vs-nearshore-outsourcing/offshore-vs-nearshore-outsourcing-5.jpg]
[wezom.com/blog/offshore-vs-nearshore-outsourcing.html]
[wezom.com/Media/images/image_opengraph/af568f6cc2c8aa95ee7a10cbf033cbaf80ba.jpg]
[wezom.com/Media/images/blogstudio/3f70d65a77e401bec85637db432cf65180ba.jpg]
[wezom.com/Media/files/filemanager/riel_old.jpg]
[wezom.com/Media/files/filemanager/riel_style.jpg]
[wezom.com/Media/files/filemanager/riel_roadmap.jpg]
[wezom.com/Media/files/filemanager/riel_linked.jpg]
[wezom.com/Media/files/filemanager/riel_code.jpg]
[wezom.com/Media/files/filemanager/riel_main.jpg]
[wezom.com/Media/files/filemanager/riel_mobile.jpg]
[wezom.com/Media/files/filemanager/riel_podbor.gif]
[wezom.com/blog/1-million-square-meters-in-digital-space.html]
[wezom.com/Media/images/image_opengraph/606c865d2836b5b88b74135402f7880e80ba.jpg]
[wezom.com/Media/images/blogstudio/d943b6bda91ecaf3dfe585d5f919c3f480ba.jpg]
[wezom.com/blog/small-advertising-budgets-for-big-results.html]
[wezom.com/Media/images/image_opengraph/e1acecf023fd8c11f76fc76a16f8ce4980ba.jpg]
[wezom.com/Media/images/blogstudio/6886d25e21e239d8490a2b0a0ee4dd5480ba.jpg]
[wezom.com/Media/files/filemanager/blog/how-to-recover-from-google-penalty-best-ways/google.jpg]
[wezom.com/blog/how-to-recover-from-google-penalty-best-ways.html]
[wezom.com/blog/streamlining-load-planning-for-transportation-businesses.html]
[wezom.com/Media/images/image_opengraph/11edc12a809cecc20d29e0f6da9ae8cd80ba.jpg]
[wezom.com/Media/images/blogstudio/bbfb68d0b2bece9c4827a7053b824bad80ba.jpg]
[wezom.com/blog/why-your-business-needs-a-blog.html]
[wezom.com/Media/images/image_opengraph/a0d3dce94f927ab3a8a7631e083ebcfc80ba.jpg]
[wezom.com/Media/images/blogstudio/c0c05f26ebde1347c7df8fc5a3a318f280ba.jpg]
[wezom.com/Media/files/filemanager/blog/development-of-geolocation-apps/razrabotka-geolokatsionnyh-prilozhenij-5.jpg]
[wezom.com/Media/files/filemanager/blog/development-of-geolocation-apps/razrabotka-geolokatsionnyh-prilozhenij-2.jpg]
[wezom.com/Media/files/filemanager/blog/development-of-geolocation-apps/razrabotka-geolokatsionnyh-prilozhenij-3.jpg]
[wezom.com/Media/files/filemanager/blog/development-of-geolocation-apps/razrabotka-geolokatsionnyh-prilozhenij-4.jpg]
[wezom.com/blog/development-of-geolocation-apps.html]
[wezom.com/Media/images/image_opengraph/b379d0a901b9a82d966e047dd3e7f6f180ba.jpg]
[wezom.com/Media/images/blogstudio/dc61bd67eda7a50a2d4b313b0118420d80ba.jpg]
[wezom.com/Media/files/filemanager/blog/the-5-best-time-tracking-apps/the-5-best-time-tracking-apps-2.jpg]
[wezom.com/Media/files/filemanager/blog/the-5-best-time-tracking-apps/the-5-best-time-tracking-apps-3.jpg]
[wezom.com/Media/files/filemanager/blog/the-5-best-time-tracking-apps/the-5-best-time-tracking-apps-4.jpg]
[wezom.com/Media/files/filemanager/blog/the-5-best-time-tracking-apps/the-5-best-time-tracking-apps-5.jpg]
[wezom.com/blog/the-5-best-time-tracking-apps.html]
[wezom.com/Media/images/image_opengraph/825cfc43b3760bb94ab4b784b549e2e880ba.jpg]
[wezom.com/Media/images/blogstudio/5274e0e10b87faec679a0b49e0a2f6ed80ba.jpg]
[wezom.com/Media/files/filemanager/blog/electric-vehicle-fleet-management/electric-vehicle-fleet-management-2.jpg]
[wezom.com/Media/files/filemanager/blog/electric-vehicle-fleet-management/electric-vehicle-fleet-management-3.jpg]
[wezom.com/Media/files/filemanager/blog/electric-vehicle-fleet-management/electric-vehicle-fleet-management-4.jpg]
[wezom.com/Media/files/filemanager/blog/electric-vehicle-fleet-management/electric-vehicle-fleet-management-5.jpg]
[wezom.com/blog/electric-vehicle-fleet-management.html]
[wezom.com/Media/images/image_opengraph/5cff0f41e805c5ca732f3dd6ba31da6380ba.jpg]
[wezom.com/Media/images/blogstudio/36d36a0281f2c1360f69dbb86c8df72c80ba.jpg]
[wezom.com/Media/files/filemanager/blog/how-to-optimize-route-management/how-to-optimize-route-management-2.jpg]
[wezom.com/Media/files/filemanager/blog/how-to-optimize-route-management/how-to-optimize-route-management-3.jpg]
[wezom.com/Media/files/filemanager/blog/how-to-optimize-route-management/how-to-optimize-route-management-4.jpg]
[wezom.com/Media/files/filemanager/blog/how-to-optimize-route-management/how-to-optimize-route-management-5.jpg]
[wezom.com/blog/how-to-optimize-route-management.html]
[wezom.com/Media/images/image_opengraph/4dbf809b767643a4895431cb3a6cee3380ba.jpg]
[wezom.com/Media/images/blogstudio/efa80e7b423e606924e445c20215507580ba.jpg]
[wezom.com/Media/files/filemanager/blog/elastic-logistics-customized-operations/elastic-logistics-customized-operations-2.jpg]
[wezom.com/Media/files/filemanager/blog/elastic-logistics-customized-operations/elastic-logistics-customized-operations-3.jpg]
[wezom.com/Media/files/filemanager/blog/elastic-logistics-customized-operations/elastic-logistics-customized-operations-4.jpg]
[wezom.com/Media/files/filemanager/blog/elastic-logistics-customized-operations/elastic-logistics-customized-operations-5.jpg]
[wezom.com/blog/elastic-logistics-customized-operations.html]
[wezom.com/Media/images/image_opengraph/496890c2d85ae0dd986e8ae373c4656380ba.png]
[wezom.com/Media/images/blogstudio/a78a2cad31dfaed0c8b2f02f4d1b25c080ba.png]
[wezom.com/Media/files/filemanager/blog/how-to-develop-a-gps-tracking-software/how-to-develop-a-gps-tracking-software-2.jpg]
[wezom.com/Media/files/filemanager/blog/how-to-develop-a-gps-tracking-software/how-to-develop-a-gps-tracking-software-3.jpg]
[wezom.com/Media/files/filemanager/blog/how-to-develop-a-gps-tracking-software/how-to-develop-a-gps-tracking-software-4.jpg]
[wezom.com/Media/files/filemanager/blog/how-to-develop-a-gps-tracking-software/how-to-develop-a-gps-tracking-software-5.jpg]
[wezom.com/Media/files/filemanager/blog/how-to-develop-a-gps-tracking-software/how-to-develop-a-gps-tracking-software-6.jpg]
[wezom.com/blog/how-to-develop-a-gps-tracking-software.html]
[wezom.com/Media/images/image_opengraph/f29818db2a9d53a8aa88bf4b629aefd480ba.png]
[wezom.com/Media/images/blogstudio/1911b755c12fb4f31e6673685f99ac7380ba.png]
[wezom.com/Media/files/filemanager/blog/shipping-container-tracking-for-full-cargo-visibility/shipping-container-tracking-for-full-cargo-visibility-2.jpg]
[wezom.com/Media/files/filemanager/blog/shipping-container-tracking-for-full-cargo-visibility/shipping-container-tracking-for-full-cargo-visibility-3.jpg]
[wezom.com/Media/files/filemanager/blog/shipping-container-tracking-for-full-cargo-visibility/shipping-container-tracking-for-full-cargo-visibility-4.jpg]
[wezom.com/Media/files/filemanager/blog/shipping-container-tracking-for-full-cargo-visibility/shipping-container-tracking-for-full-cargo-visibility-5.jpg]
[wezom.com/blog/shipping-container-tracking-for-full-cargo-visibility.html]
[wezom.com/Media/images/image_opengraph/a3350463700da34628c3b5a1ae89034280ba.png]
[wezom.com/Media/images/blogstudio/3de41c1555bd42db61f58d601b8cee7080ba.png]
[wezom.com/Media/files/filemanager/blog/top-logistics-and-supply-chain-trends-of-2022/top-logistics-and-supply-chain-trends-of-2022-2.jpg]
[wezom.com/Media/files/filemanager/blog/top-logistics-and-supply-chain-trends-of-2022/top-logistics-and-supply-chain-trends-of-2022-3.jpg]
[wezom.com/Media/files/filemanager/blog/top-logistics-and-supply-chain-trends-of-2022/top-logistics-and-supply-chain-trends-of-2022-4.jpg]
[wezom.com/blog/top-logistics-and-supply-chain-trends-of-2022.html]
[wezom.com/Media/images/image_opengraph/b8756293408cac26da052f4cf569896880ba.png]
[wezom.com/Media/images/blogstudio/3fbe8b970df76457992fee3d54ea109e80ba.png]
[wezom.com/Media/files/filemanager/blog/benefits-of-erp-in-supply-chain-management/benefits-of-erp-in-supply-chain-management-2.jpg]
[wezom.com/blog/software-development-for-auto-transport-companies.html]
[wezom.com/Media/files/filemanager/blog/benefits-of-erp-in-supply-chain-management/benefits-of-erp-in-supply-chain-management-3.jpg]
[wezom.com/Media/files/filemanager/blog/benefits-of-erp-in-supply-chain-management/benefits-of-erp-in-supply-chain-management-4.jpg]
[wezom.com/Media/files/filemanager/blog/benefits-of-erp-in-supply-chain-management/benefits-of-erp-in-supply-chain-management-5.jpg]
[wezom.com/blog/benefits-of-erp-in-supply-chain-management.html]
[wezom.com/blog/top-7-benefits-of-building-a-custom-software-for-auto-transport-business.html]
[wezom.com/blog/logistics-software-market-the-trend-towards-custom-development.html]
[wezom.com/blog/logistics/page/2.html]
[wezom.com/blog/logistics/page/3.html]
[wezom.com/blog/how-digitalization-reduces-logistics-costs.html]
[wezom.com/Media/images/image_opengraph/4ed6bf42a057f3a2397c058f2ec2bf7380ba.jpg]
[wezom.com/Media/images/blogstudio/402b2a0aa1484e94745e1a9ffdd8f06c80ba.jpg]
[wezom.com/Media/files/filemanager/blog/top-crm-for-real-estate-agents/top-crm-for-real-estate-agents-2.jpg]
[wezom.com/Media/files/filemanager/blog/top-crm-for-real-estate-agents/top-crm-for-real-estate-agents-3.jpg]
[wezom.com/Media/files/filemanager/blog/top-crm-for-real-estate-agents/top-crm-for-real-estate-agents-4.jpg]
[wezom.com/Media/files/filemanager/blog/top-crm-for-real-estate-agents/top-crm-for-real-estate-agents-5.jpg]
[wezom.com/blog/top-crm-for-real-estate-agents.html]
[wezom.com/Media/images/image_opengraph/50d782e78db9a97f714f449cf8e1ed5680ba.png]
[wezom.com/Media/images/blogstudio/18633bcc58a76df4e1faae691eee14a480ba.png]
[wezom.com/Media/files/filemanager/blog/wezom-steps-up-the-future-of-crms-in-car-hauling-after-jtracker/wezom-steps-up-the-future-of-crms-in-car-hauling-after-jtracker-2.jpg]
[wezom.com/Media/files/filemanager/blog/wezom-steps-up-the-future-of-crms-in-car-hauling-after-jtracker/wezom-steps-up-the-future-of-crms-in-car-hauling-after-jtracker-3.jpg]
[wezom.com/Media/files/filemanager/blog/wezom-steps-up-the-future-of-crms-in-car-hauling-after-jtracker/wezom-steps-up-the-future-of-crms-in-car-hauling-after-jtracker-4.jpg]
[wezom.com/blog/wezom-steps-up-the-future-of-crms-in-car-hauling-after-jtracker.html]
[wezom.com/Media/images/image_opengraph/3d2b8d377e133f69c621df868e16aa8a80ba.jpg]
[wezom.com/Media/images/blogstudio/a0f841d3f383543772fdf83742ccbfe080ba.jpg]
[wezom.com/Media/files/filemanager/blog/custom-vs-packaged-crm/custom-vs-packaged-crm-system-for-logistics-and-transportation-companies-2.jpg]
[wezom.com/Media/files/filemanager/blog/custom-vs-packaged-crm/custom-vs-packaged-crm-system-for-logistics-and-transportation-companies-3.jpg]
[wezom.com/Media/files/filemanager/blog/custom-vs-packaged-crm/custom-vs-packaged-crm-system-for-logistics-and-transportation-companies-4.jpg]
[wezom.com/Media/files/filemanager/blog/custom-vs-packaged-crm/custom-vs-packaged-crm-system-for-logistics-and-transportation-companies-5.jpg]
[wezom.com/Media/files/filemanager/blog/custom-vs-packaged-crm/custom-vs-packaged-crm-system-for-logistics-and-transportation-companies-6.jpg]
[wezom.com/blog/custom-vs-packaged-crm-system-for-logistics-and-transportation-companies.html]
[wezom.com/Media/images/image_opengraph/189edcef3e46b430ea9e5efb96ad1bc080ba.jpg]
[wezom.com/Media/images/blogstudio/462a6ac78b44a3b6f8733102266d1c8880ba.jpg]
[wezom.com/Media/files/filemanager/blog/crm-for-food-delivery/crm-for-food-delivery-service-2.jpg]
[wezom.com/Media/files/filemanager/blog/crm-for-food-delivery/crm-for-food-delivery-service-3.jpg]
[wezom.com/Media/files/filemanager/blog/crm-for-food-delivery/crm-for-food-delivery-service-4.jpg]
[wezom.com/Media/files/filemanager/blog/crm-for-food-delivery/crm-for-food-delivery-service-7.jpg]
[wezom.com/Media/files/filemanager/blog/crm-for-food-delivery/crm-for-food-delivery-service-6.jpg]
[wezom.com/blog/crm-for-food-delivery-service.html]
[wezom.com/Media/images/image_opengraph/a5fcfaa16e0d5ecb5efd19288c00899280ba.jpg]
[wezom.com/Media/images/blogstudio/10f394388767134cfbe010c9a7cfabe080ba.jpg]
[wezom.com/Media/files/filemanager/blog/crm-systems-for-logistics/crm-systems-for-logistics-main.jpg]
[wezom.com/Media/files/filemanager/blog/crm-systems-for-logistics/crm-systems-for-logistics-3.jpg]
[wezom.com/Media/files/filemanager/blog/crm-systems-for-logistics/crm-systems-for-logistics-4.jpg]
[wezom.com/Media/files/filemanager/blog/crm-systems-for-logistics/crm-systems-for-logistics-5.jpg]
[wezom.com/blog/crm-systems-for-logistics.html]
[wezom.com/Media/images/image_opengraph/e959a8e9172ac0454d177813f30f1ac980ba.jpg]
[wezom.com/Media/images/blogstudio/a8c77b3b07580a585a95b0c09929c5d480ba.jpg]
[wezom.com/Media/files/filemanager/blog/CRM/crm-for-transportation-companies-2.jpg]
[wezom.com/Media/files/filemanager/blog/CRM/crm-for-transportation-companies-3.jpg]
[wezom.com/Media/files/filemanager/blog/CRM/crm-for-transportation-companies-4.jpg]
[wezom.com/Media/files/filemanager/blog/CRM/crm-for-transportation-companies-5.jpg]
[wezom.com/blog/crm-for-transportation-companies.html]
[wezom.com/Media/images/image_opengraph/82a583b13c61c5c32dca7ead7269def680ba.jpg]
[wezom.com/Media/images/blogstudio/fee954e89af0c12c02f1907ee3cf277480ba.jpg]
[wezom.com/Media/files/filemanager/blog/mobile-commerces-growing-importance-on-sales-and-shopping-trends/mobile-commerces-growing-importance-on-sales-and-shopping-trends-2.jpg]
[wezom.com/Media/files/filemanager/blog/mobile-commerces-growing-importance-on-sales-and-shopping-trends/mobile-commerces-growing-importance-on-sales-and-shopping-trends-3.jpg]
[wezom.com/Media/files/filemanager/blog/mobile-commerces-growing-importance-on-sales-and-shopping-trends/mobile-commerces-growing-importance-on-sales-and-shopping-trends-4.jpg]
[wezom.com/Media/files/filemanager/blog/mobile-commerces-growing-importance-on-sales-and-shopping-trends/mobile-commerces-growing-importance-on-sales-and-shopping-trends-5.jpg]
[wezom.com/Media/files/filemanager/blog/mobile-commerces-growing-importance-on-sales-and-shopping-trends/mobile-commerces-growing-importance-on-sales-and-shopping-trends-6.jpg]
[wezom.com/blog/mobile-commerces-growing-importance-on-sales-and-shopping-trends.html]
[wezom.com/Media/images/image_opengraph/4aaffda64c7975f86f8ec34629ec883880ba.jpg]
[wezom.com/Media/images/blogstudio/50fe2b7328811d362c6debe4bd78ebeb80ba.jpg]
[wezom.com/Media/files/filemanager/blog/mobile-application-development-checklist/chek-list-testirovanija-mobilnogo-prilozhenija-2.jpg]
[wezom.com/Media/files/filemanager/blog/mobile-application-development-checklist/chek-list-testirovanija-mobilnogo-prilozhenija-3.jpg]
[wezom.com/Media/files/filemanager/blog/mobile-application-development-checklist/chek-list-testirovanija-mobilnogo-prilozhenija-4.jpg]
[wezom.com/Media/files/filemanager/blog/mobile-application-development-checklist/chek-list-testirovanija-mobilnogo-prilozhenija-5.jpg]
[wezom.com/Media/files/filemanager/blog/mobile-application-development-checklist/chek-list-testirovanija-mobilnogo-prilozhenija-6.jpg]
[wezom.com/Media/files/filemanager/blog/mobile-application-development-checklist/chek-list-testirovanija-mobilnogo-prilozhenija-7.jpg]
[wezom.com/Media/files/filemanager/blog/mobile-application-development-checklist/chek-list-testirovanija-mobilnogo-prilozhenija-8.jpg]
[wezom.com/blog/mobile-application-development-checklist.html]
[wezom.com/Media/images/image_opengraph/a6897e71cd265492759009d10784ac9c80ba.jpg]
[wezom.com/Media/images/blogstudio/23cd8598f52c048f53cb9bd6aed13c7c80ba.jpg]
[wezom.com/Media/files/filemanager/blog/approaching-app-development-using-the-dedicated-team-model/approaching-app-development-using-the-dedicated-team-model-2.png]
[wezom.com/Media/files/filemanager/blog/approaching-app-development-using-the-dedicated-team-model/approaching-app-development-using-the-dedicated-team-model-3.png]
[wezom.com/Media/files/filemanager/blog/approaching-app-development-using-the-dedicated-team-model/approaching-app-development-using-the-dedicated-team-model-4.png]
[wezom.com/Media/files/filemanager/blog/approaching-app-development-using-the-dedicated-team-model/approaching-app-development-using-the-dedicated-team-model-5.png]
[wezom.com/blog/approaching-app-development-using-the-dedicated-team-model.html]
[wezom.com/Media/images/image_opengraph/95c339324b9ecd18dc12676cce44f86e80ba.jpg]
[wezom.com/Media/images/blogstudio/2c15419c1229533211219126608093c080ba.jpg]
[wezom.com/Media/files/filemanager/blog/mobile-app-development-for-logistics-companies/mobile-app-development-for-logistics-companies-2.jpg]
[wezom.com/Media/files/filemanager/blog/mobile-app-development-for-logistics-companies/mobile-app-development-for-logistics-companies-3.jpg]
[wezom.com/Media/files/filemanager/blog/mobile-app-development-for-logistics-companies/mobile-app-development-for-logistics-companies-4.jpg]
[wezom.com/Media/files/filemanager/blog/mobile-app-development-for-logistics-companies/mobile-app-development-for-logistics-companies-5.jpg]
[wezom.com/Media/files/filemanager/blog/mobile-app-development-for-logistics-companies/mobile-app-development-for-logistics-companies-6.jpg]
[wezom.com/blog/mobile-app-development-for-logistics-companies.html]
[wezom.com/Media/images/image_opengraph/d649182d31b179dac67d1c78f247288780ba.jpg]
[wezom.com/Media/images/blogstudio/88466bb636772ccacf80716f653473c680ba.jpg]
[wezom.com/Media/files/filemanager/blog/native-vs-hybrid-app-development/native-vs-hybrid-app-development-for-logistics-2.jpg]
[wezom.com/Media/files/filemanager/blog/native-vs-hybrid-app-development/native-vs-hybrid-app-development-for-logistics-3.jpg]
[wezom.com/Media/files/filemanager/blog/native-vs-hybrid-app-development/native-vs-hybrid-app-development-for-logistics-4.jpg]
[wezom.com/Media/files/filemanager/blog/native-vs-hybrid-app-development/native-vs-hybrid-app-development-for-logistics-5.jpg]
[wezom.com/blog/native-vs-hybrid-app-development-for-logistics.html]
[wezom.com/Media/images/image_opengraph/3f657333ae2e0f01de108f5fe22bac1e80ba.jpg]
[wezom.com/Media/images/blogstudio/63ce8c89595af71bcb37345e8365888680ba.jpg]
[wezom.com/Media/files/filemanager/blog/case-delivery/case-mobile-app-development-for-delivery-group-2.jpg]
[wezom.com/Media/files/filemanager/blog/case-delivery/case-mobile-app-development-for-delivery-group-3.jpg]
[wezom.com/Media/files/filemanager/blog/case-delivery/case-mobile-app-development-for-delivery-group-4.jpg]
[wezom.com/Media/files/filemanager/blog/case-delivery/case-mobile-app-development-for-delivery-group-5.jpg]
[wezom.com/blog/case-mobile-app-development-for-delivery-group.html]
[wezom.com/Media/images/image_opengraph/b9bb9f2661fe0f6c78a365f8e824faba80ba.jpg]
[wezom.com/Media/images/blogstudio/d72f519e1ef8f0f3660a657119bcef2380ba.jpg]
[wezom.com/Media/files/filemanager/blog/taxi-application-development-guide/taxi-application-development-guide-2.jpg]
[wezom.com/Media/files/filemanager/blog/taxi-application-development-guide/taxi-application-development-guide-3.jpg]
[wezom.com/Media/files/filemanager/blog/taxi-application-development-guide/taxi-application-development-guide-4.jpg]
[wezom.com/Media/files/filemanager/blog/taxi-application-development-guide/taxi-application-development-guide-5.jpg]
[wezom.com/Media/files/filemanager/blog/taxi-application-development-guide/taxi-application-development-guide-6.jpg]
[wezom.com/blog/taxi-application-development-guide.html]
[wezom.com/Media/images/image_opengraph/9705311ce09ad8755396a570fc41501c80ba.jpg]
[wezom.com/Media/images/blogstudio/00fb2fc73b08668645a917835c9ab8c580ba.jpg]
[wezom.com/Media/files/filemanager/blog/how-to-build-a-delivery-app/how-to-build-a-delivery-app-1.jpg]
[wezom.com/Media/files/filemanager/blog/how-to-build-a-delivery-app/how-to-build-a-delivery-app-2.jpg]
[wezom.com/Media/files/filemanager/blog/how-to-build-a-delivery-app/how-to-build-a-delivery-app-3.jpg]
[wezom.com/blog/how-to-build-a-delivery-app.html]
[wezom.com/Media/images/image_opengraph/7197d9bd9e7cdb402198cc2a430c81a280ba.png]
[wezom.com/Media/images/blogstudio/19379764984ebc42323d1c54ccfc625a80ba.png]
[wezomcom.wezom.net/Media/files/filemanager/99554_d15d_13.jpg]
[wezomcom.wezom.net/Media/files/filemanager/f9edccce98f2d86aa81f7a24c1fc36cd.jpg]
[wezomcom.wezom.net/Media/files/filemanager/feedback_banner-639x163.png]
[wezom.com/blog/a-step-by-step-guide-to-building-your-first-mobile-app.html]
[wezom.com/Media/images/image_opengraph/815b7a35fc98e37df5a3896494efeb5e80ba.jpg]
[wezom.com/Media/images/blogstudio/1cb04db50806ad1defe62df02fee9fd280ba.jpg]
[wezom.com/Media/files/filemanager/blog/e-commerce-development-trends-in-2022/e-commerce-development-trends-in-2022-2.jpg]
[wezom.com/Media/files/filemanager/blog/e-commerce-development-trends-in-2022/e-commerce-development-trends-in-2022-3.jpg]
[wezom.com/Media/files/filemanager/blog/e-commerce-development-trends-in-2022/e-commerce-development-trends-in-2022-4.jpg]
[wezom.com/Media/files/filemanager/blog/e-commerce-development-trends-in-2022/e-commerce-development-trends-in-2022-5.jpg]
[wezom.com/blog/e-commerce-development-trends-in-2022.html]
[wezom.com/Media/images/image_opengraph/be5c7d434b99414eb232ede2b5440b7980ba.jpg]
[wezom.com/Media/images/blogstudio/12bd2dd3e9d3ada208332ed83ab6188a80ba.jpg]
[wezom.com/Media/files/filemanager/blog/e-commerce-vs-marketplace-opposing-views/e-commerce-vs-marketplace-opposing-views-2.jpg]
[wezom.com/Media/files/filemanager/blog/e-commerce-vs-marketplace-opposing-views/e-commerce-vs-marketplace-opposing-views-3.jpg]
[wezom.com/Media/files/filemanager/blog/e-commerce-vs-marketplace-opposing-views/e-commerce-vs-marketplace-opposing-views-4.jpg]
[wezom.com/Media/files/filemanager/blog/e-commerce-vs-marketplace-opposing-views/e-commerce-vs-marketplace-opposing-views-5.jpg]
[wezom.com/blog/e-commerce-vs-marketplace-opposing-views.html]
[wezom.com/Media/images/image_opengraph/1568d429eac282131d40f75107db0c7180ba.jpg]
[wezom.com/Media/images/blogstudio/055813259d68000f6161b545123e51e380ba.jpg]
[wezom.com/Media/files/filemanager/blog/e-commerce-systems-prospects-and-benefits/e-commerce-systems-prospects-and-benefits-2.jpg]
[wezom.com/Media/files/filemanager/blog/e-commerce-systems-prospects-and-benefits/e-commerce-systems-prospects-and-benefits-3.jpg]
[wezom.com/Media/files/filemanager/blog/e-commerce-systems-prospects-and-benefits/e-commerce-systems-prospects-and-benefits-4.jpg]
[wezom.com/Media/files/filemanager/blog/e-commerce-systems-prospects-and-benefits/e-commerce-systems-prospects-and-benefits-5.jpg]
[wezom.com/blog/e-commerce-systems-prospects-and-benefits.html]
[wezom.com/Media/images/image_opengraph/a601b93fbb808949de68defa18bc09f480ba.jpg]
[wezom.com/Media/images/blogstudio/3a64207c5edaec140811651ea456844480ba.jpg]
[wezom.com/Media/files/filemanager/blog/ecommerce logistics/e-commerce-logistics-modern-business-management-systems-2.jpg]
[wezom.com/Media/files/filemanager/blog/ecommerce logistics/e-commerce-logistics-modern-business-management-systems-3.jpg]
[wezom.com/Media/files/filemanager/blog/ecommerce logistics/e-commerce-logistics-modern-business-management-systems-4.jpg]
[wezom.com/Media/files/filemanager/blog/ecommerce logistics/e-commerce-logistics-modern-business-management-systems-5.jpg]
[wezom.com/Media/files/filemanager/blog/ecommerce logistics/e-commerce-logistics-modern-business-management-systems-6.jpg]
[wezom.com/blog/e-commerce-logistics-modern-business-management-systems.html]
[wezom.com/Media/images/image_opengraph/c6e35ea38ec508eb03bd8601db3428d380ba.png]
[wezom.com/Media/images/blogstudio/666b16744ed9760f790291ab69a7ad8080ba.png]
[wezom.com/Media/files/filemanager/blog/how-does-tms-impact-your-business/how-does-tms-impact-your-business-2.png]
[wezom.com/Media/files/filemanager/blog/how-does-tms-impact-your-business/how-does-tms-impact-your-business-3.png]
[wezom.com/Media/files/filemanager/blog/how-does-tms-impact-your-business/how-does-tms-impact-your-business-4.png]
[wezom.com/Media/files/filemanager/blog/how-does-tms-impact-your-business/how-does-tms-impact-your-business-5_1.png]
[wezom.com/blog/how-does-tms-impact-your-business.html]
[wezom.com/Media/images/image_opengraph/e2dd47e75bf40c0fbb89b1ba82b309bd80ba.jpg]
[wezom.com/Media/images/blogstudio/58c5584e1b8cb8f410c45f1aed8adf5880ba.jpg]
[wezom.com/Media/files/filemanager/blog/the-best-frameworks-for-cross-platform-development/luchshie-frejmvorki-dlja-krossplatformennoj-razrabotki-mobilnyh-prilozhenij-2.jpg]
[wezom.com/Media/files/filemanager/blog/the-best-frameworks-for-cross-platform-development/luchshie-frejmvorki-dlja-krossplatformennoj-razrabotki-mobilnyh-prilozhenij-3.jpg]
[wezom.com/Media/files/filemanager/blog/the-best-frameworks-for-cross-platform-development/luchshie-frejmvorki-dlja-krossplatformennoj-razrabotki-mobilnyh-prilozhenij-4.jpg]
[wezom.com/Media/files/filemanager/blog/the-best-frameworks-for-cross-platform-development/luchshie-frejmvorki-dlja-krossplatformennoj-razrabotki-mobilnyh-prilozhenij-5.jpg]
[wezom.com/blog/the-best-frameworks-for-cross-platform-development.html]
[wezom.com/Media/images/image_opengraph/94f4c5dd1af415e9e8a3b15aedf68e9980ba.jpg]
[wezom.com/Media/images/blogstudio/c62deb8a2d7fef6d165b2c7dae17027980ba.jpg]
[wezom.com/Media/files/filemanager/blog/how-much-does-it-cost-to-develop-a-ride-hailing-app/skolko-stoit-razrabotat-prilozhenie-dlja-taksi-kak-uber-2.jpg]
[wezom.com/Media/files/filemanager/blog/how-much-does-it-cost-to-develop-a-ride-hailing-app/skolko-stoit-razrabotat-prilozhenie-dlja-taksi-kak-uber-3.jpg]
[wezom.com/Media/files/filemanager/blog/how-much-does-it-cost-to-develop-a-ride-hailing-app/skolko-stoit-razrabotat-prilozhenie-dlja-taksi-kak-uber-4.jpg]
[wezom.com/blog/how-much-does-it-cost-to-develop-a-ride-hailing-app.html]
[wezom.com/Media/images/image_opengraph/6006fae32f28895ec4cba3f154086a7480ba.jpg]
[wezom.com/Media/images/blogstudio/b60980b81f2bc11719a7e97ce2c00bae80ba.jpg]
[wezom.com/Media/files/filemanager/blog/mvp-blog/how-to-build-an-mvp-in-2022-2.jpg]
[wezom.com/Media/files/filemanager/blog/mvp-blog/how-to-build-an-mvp-in-2022-3.jpg]
[wezom.com/Media/files/filemanager/blog/mvp-blog/how-to-build-an-mvp-in-2022-4.jpg]
[wezom.com/Media/files/filemanager/blog/mvp-blog/how-to-build-an-mvp-in-2022-5.jpg]
[wezom.com/Media/files/filemanager/blog/mvp-blog/how-to-build-an-mvp-in-2022-6.jpg]
[wezom.com/Media/files/filemanager/blog/mvp-blog/how-to-build-an-mvp-in-2022-7.jpg]
[wezom.com/Media/files/filemanager/blog/mvp-blog/how-to-build-an-mvp-in-2022-8.jpg]
[wezom.com/blog/how-to-build-an-mvp-in-2022.html]
[wezom.com/Media/images/image_opengraph/91f6c1ad46ee84b0bdc3a8f5590ba17c80ba.jpg]
[wezom.com/Media/images/blogstudio/00b84f75dea53f9b4b86136d6b6cb85f80ba.jpg]
[wezom.com/Media/files/filemanager/blog/how-to-create-an-nft/kak-sozdat-nft-token-2.jpg]
[wezom.com/Media/files/filemanager/blog/how-to-create-an-nft/kak-sozdat-nft-token-3.jpg]
[wezom.com/Media/files/filemanager/blog/how-to-create-an-nft/kak-sozdat-nft-token-4.jpg]
[wezom.com/blog/how-to-create-an-nft.html]
[wezom.com/Media/images/image_opengraph/1496de34574e63e1aee11f8c0feae48b80ba.jpg]
[wezom.com/Media/images/blogstudio/f680a490066dd8ad30a5548d04eec01d80ba.jpg]
[wezom.com/Media/files/filemanager/blog/role-of-crypto-in-the-metaverse/role-of-crypto-in-the-metaverse-2.png]
[wezom.com/Media/files/filemanager/blog/role-of-crypto-in-the-metaverse/role-of-crypto-in-the-metaverse-3.png]
[wezom.com/Media/files/filemanager/blog/role-of-crypto-in-the-metaverse/role-of-crypto-in-the-metaverse-4.png]
[wezom.com/blog/role-of-crypto-in-the-metaverse.html]
[wezom.com/Media/images/image_opengraph/0062012eb43ec8f9d015aec31592adff80ba.png]
[wezom.com/Media/images/blogstudio/75825a99f3ac13f8db60cbbfbf119e6c80ba.png]
[wezom.com/Media/files/filemanager/blog/pros-and-cons-of-non-fungible-tokens-nfts/pros-and-cons-of-non-fungible-tokens-nfts-2.jpg]
[wezom.com/Media/files/filemanager/blog/pros-and-cons-of-non-fungible-tokens-nfts/pros-and-cons-of-non-fungible-tokens-nfts-3.jpg]
[wezom.com/Media/files/filemanager/blog/pros-and-cons-of-non-fungible-tokens-nfts/pros-and-cons-of-non-fungible-tokens-nfts-4.jpg]
[wezom.com/Media/files/filemanager/blog/pros-and-cons-of-non-fungible-tokens-nfts/pros-and-cons-of-non-fungible-tokens-nfts-5.jpg]
[wezom.com/blog/pros-and-cons-of-non-fungible-tokens-nfts.html]
[wezom.com/Media/images/image_opengraph/7e6ab4b16fc21c1605238740f237e65780ba.png]
[wezom.com/Media/images/blogstudio/77bdd7e782f918120674a0058034654580ba.png]
[wezom.com/Media/files/filemanager/blog/what-are-the-features-of-the-nft-marketplace/what-are-the-features-of-the-nft-marketplace-2.jpg]
[wezom.com/Media/files/filemanager/blog/what-are-the-features-of-the-nft-marketplace/what-are-the-features-of-the-nft-marketplace-3.jpg]
[wezom.com/Media/files/filemanager/blog/what-are-the-features-of-the-nft-marketplace/what-are-the-features-of-the-nft-marketplace-4.jpg]
[wezom.com/Media/files/filemanager/blog/what-are-the-features-of-the-nft-marketplace/what-are-the-features-of-the-nft-marketplace-5.jpg]
[wezom.com/blog/what-are-the-features-of-the-nft-marketplace.html]
[wezom.com/Media/images/image_opengraph/3f649828eedb4db8dc6a0a070045128780ba.png]
[wezom.com/Media/images/blogstudio/2e5d1500ff6734730ba4b2e295d82f2d80ba.png]
[wezom.com/Media/files/filemanager/blog/whats-the-best-nft-marketplace-for-selling-crypto-art/whats-the-best-nft-marketplace-for-selling-crypto-art-2.png]
[wezom.com/Media/files/filemanager/blog/whats-the-best-nft-marketplace-for-selling-crypto-art/whats-the-best-nft-marketplace-for-selling-crypto-art-3.png]
[wezom.com/Media/files/filemanager/blog/whats-the-best-nft-marketplace-for-selling-crypto-art/whats-the-best-nft-marketplace-for-selling-crypto-art-4.png]
[wezom.com/blog/whats-the-best-nft-marketplace-for-selling-crypto-art.html]
[wezom.com/Media/images/image_opengraph/762bffe2b0d2df996986f68b8712e3d180ba.png]
[wezom.com/Media/images/blogstudio/d33fd2a45b2f12b284600cd254bff5e880ba.png]
[wezom.com/Media/files/filemanager/blog/how-do-i-build-an-nft-marketplace/how-do-i-build-an-nft-marketplace-2.png]
[wezom.com/Media/files/filemanager/blog/how-do-i-build-an-nft-marketplace/how-do-i-build-an-nft-marketplace-3.png]
[wezom.com/Media/files/filemanager/blog/how-do-i-build-an-nft-marketplace/how-do-i-build-an-nft-marketplace-4.png]
[wezom.com/blog/how-do-i-build-an-nft-marketplace.html]
[wezom.com/Media/images/image_opengraph/2f76cba14b9812f73c294513b15a465280ba.png]
[wezom.com/Media/images/blogstudio/f38bd2bc48383b2eb0f45693306195c480ba.png]
[wezom.com/Media/files/filemanager/blog/who-develops-the-best-nft-marketplace-app/who-develops-the-best-nft-marketplace-app-2.jpg]
[wezom.com/Media/files/filemanager/blog/who-develops-the-best-nft-marketplace-app/who-develops-the-best-nft-marketplace-app-3.jpg]
[wezom.com/Media/files/filemanager/blog/who-develops-the-best-nft-marketplace-app/who-develops-the-best-nft-marketplace-app-4.jpg]
[wezom.com/Media/files/filemanager/blog/who-develops-the-best-nft-marketplace-app/who-develops-the-best-nft-marketplace-app-5.jpg]
[wezom.com/blog/who-develops-the-best-nft-marketplace-app.html]
[wezom.com/Media/images/image_opengraph/70f1195fe2d47647500b2374e053c9eb80ba.png]
[wezom.com/Media/images/blogstudio/2aee20bc35087de343c23d3680a4c2c180ba.png]
[wezom.com/Media/files/filemanager/blog/will-the-bubble-burst-what-to-do-with-nfts-in-2022/will-the-bubble-burst-what-to-do-with-nfts-in-2022-2.jpg]
[wezom.com/Media/files/filemanager/blog/will-the-bubble-burst-what-to-do-with-nfts-in-2022/will-the-bubble-burst-what-to-do-with-nfts-in-2022-3.jpg]
[wezom.com/Media/files/filemanager/blog/will-the-bubble-burst-what-to-do-with-nfts-in-2022/will-the-bubble-burst-what-to-do-with-nfts-in-2022-4.jpg]
[wezom.com/Media/files/filemanager/blog/will-the-bubble-burst-what-to-do-with-nfts-in-2022/will-the-bubble-burst-what-to-do-with-nfts-in-2022-5.jpg]
[wezom.com/Media/files/filemanager/blog/will-the-bubble-burst-what-to-do-with-nfts-in-2022/will-the-bubble-burst-what-to-do-with-nfts-in-2022-6.jpg]
[wezom.com/blog/will-the-bubble-burst-what-to-do-with-nfts-in-2022.html]
[wezom.com/Media/images/image_opengraph/564a56937a82d7d3719c405e4c3a5cc580ba.jpg]
[wezom.com/Media/images/blogstudio/5dfcded538df6f4f4eccb934479588c880ba.jpg]
[wezom.com/Media/files/filemanager/blog/desktop-applications/desktop-prilozhenija-chto-eto-zachem-nuzhny-kakie-u-nih-preimuschestva-2.jpg]
[wezom.com/Media/files/filemanager/blog/desktop-applications/desktop-prilozhenija-chto-eto-zachem-nuzhny-kakie-u-nih-preimuschestva-3.jpg]
[wezom.com/blog/desktop-applications.html]
[wezom.com/Media/images/image_opengraph/2248ea9de7690435325e98240bc5c5f180ba.jpg]
[wezom.com/Media/images/blogstudio/e7f512b8a917bbe5b34b5edd2a9cf3eb80ba.jpg]
[wezom.com/Media/files/filemanager/blog/darkstore/shop-without-windows-what-is-a-dark-store-2.jpg]
[wezom.com/Media/files/filemanager/blog/darkstore/shop-without-windows-what-is-a-dark-store-3.jpg]
[wezom.com/Media/files/filemanager/blog/darkstore/shop-without-windows-what-is-a-dark-store-4.jpg]
[wezom.com/blog/shop-without-windows-what-is-a-dark-store.html]
[wezom.com/Media/images/image_opengraph/ce3d545a4b5d3dee33bda38d9057e13980ba.png]
[wezom.com/Media/images/blogstudio/6c503fa066e82890869973db6afb938480ba.png]
[wezom.com/blog/content-strategists-what-you-should-know-about-them.html]
[wezom.com/Media/images/image_opengraph/d8a9f6134d86024c0de4df0207ab730280ba.png]
[wezom.com/Media/images/blogstudio/8e684737671eae92975c9ea3695257da80ba.png]
[wezom.com/blog/seo-tips-for-one-page-websites.html]
[wezom.com/Media/images/image_opengraph/7ad9abfb232e24ff266b34d0ebaa568f80ba.png]
[wezom.com/Media/images/blogstudio/3be0c33b22fa217af48208fd0017f7f480ba.png]
[wezom.com/blog/neuromarketing-fundamentals.html]
[wezom.com/Media/images/image_opengraph/7e3dbc0e90286a95d188d02c69acca7c80ba.jpg]
[wezom.com/Media/images/blogstudio/2c960f6232109b9265f3076352ad559180ba.jpg]
[wezom.com/Media/files/filemanager/blog/the-ukrainian-it-sector-has-endured-the-russian-invasion-whats-next/the-ukrainian-it-sector-has-endured-the-russian-invasion-whats-next-2.jpg]
[wezom.com/Media/files/filemanager/blog/the-ukrainian-it-sector-has-endured-the-russian-invasion-whats-next/the-ukrainian-it-sector-has-endured-the-russian-invasion-whats-next-3.jpg]
[wezom.com/Media/files/filemanager/blog/the-ukrainian-it-sector-has-endured-the-russian-invasion-whats-next/the-ukrainian-it-sector-has-endured-the-russian-invasion-whats-next-4.jpg]
[wezom.com/Media/files/filemanager/blog/the-ukrainian-it-sector-has-endured-the-russian-invasion-whats-next/the-ukrainian-it-sector-has-endured-the-russian-invasion-whats-next-5.jpg]
[wezom.com/blog/the-ukrainian-it-sector-has-endured-the-russian-invasion-whats-next.html]
[wezom.com/Media/images/image_opengraph/c25d5ecee6fe0ec2b48ec82a4c8d710080ba.jpg]
[wezom.com/Media/images/blogstudio/8f6b0c30b233ecdadb1b0c28da5da0a780ba.jpg]
[wezom.com/Media/files/filemanager/blog/survival-and-perserverence-wezom-endures-the-shock-of-war/survival-and-perserverence-wezom-endures-the-shock-of-war-2.jpg]
[wezom.com/Media/files/filemanager/blog/survival-and-perserverence-wezom-endures-the-shock-of-war/survival-and-perserverence-wezom-endures-the-shock-of-war-3.jpg]
[wezom.com/Media/files/filemanager/blog/survival-and-perserverence-wezom-endures-the-shock-of-war/survival-and-perserverence-wezom-endures-the-shock-of-war-4.jpg]
[wezom.com/blog/survival-and-perserverence-wezom-endures-the-shock-of-war.html]
[wezom.com/Media/images/image_opengraph/cbd0179aea9e3182f054404190e8ab1880ba.jpg]
[wezom.com/Media/images/blogstudio/adb1926ad3374672e5d15ad19a46390880ba.jpg]
[wezom.com/blog/wezom-is-recognized-by-techreviewer-as-a--top-web-development-company-in-2021.html]
[wezom.com/Media/images/image_opengraph/7e940df3c18d8ddb1fa3c7db68ae984080ba.jpg]
[wezom.com/Media/images/blogstudio/f2fa9edb4c280ca78118206c9a0089ec80ba.jpg]
[wezom.com/Media/files/filemanager/blog/choosingtansportmanagementsoftware/choosing-transport-management-software-1.jpg]
[wezom.com/Media/files/filemanager/blog/choosingtansportmanagementsoftware/choosing-transport-management-software-2.jpg]
[wezom.com/Media/files/filemanager/blog/choosingtansportmanagementsoftware/choosing-transport-management-software-3.jpg]
[wezom.com/Media/files/filemanager/blog/choosingtansportmanagementsoftware/choosing-transport-management-software-4.jpg]
[wezom.com/Media/files/filemanager/blog/choosingtansportmanagementsoftware/choosing-transport-management-software-5.jpg]
[wezom.com/Media/files/filemanager/blog/choosingtansportmanagementsoftware/choosing-transport-management-software-6.jpg]
[wezom.com/blog/choosing-transport-management-software.html]
[wezom.com/Media/images/image_opengraph/50ab779f75c4289d458e5ce066a59f4c80ba.jpg]
[wezom.com/Media/images/blogstudio/9f8d6fb4b054d0a4c75bea75b5cc569380ba.jpg]
[wezom.com/Media/files/filemanager/blog/logisticsmanagmentsystem/logistics-management-systems-1.jpg]
[wezom.com/Media/files/filemanager/blog/logisticsmanagmentsystem/logistics-management-systems-2.jpg]
[wezom.com/Media/files/filemanager/blog/logisticsmanagmentsystem/logistics-management-systems-3.jpg]
[wezom.com/blog/logistics-management-systems.html]
[wezom.com/Media/images/image_opengraph/aed2834c51df8b66ea4cf6f60a434dc980ba.png]
[wezom.com/Media/images/blogstudio/6bc2bbf212ba9663a661d4d50569a40a80ba.png]
[wezom.com/Media/files/filemanager/blog/vehicle-inspection-system-for-auto-transport-business/vehicle-inspection-system-for-auto-transport-business-2.jpg]
[wezom.com/Media/files/filemanager/blog/vehicle-inspection-system-for-auto-transport-business/vehicle-inspection-system-for-auto-transport-business-3.jpg]
[wezom.com/Media/files/filemanager/blog/vehicle-inspection-system-for-auto-transport-business/vehicle-inspection-system-for-auto-transport-business-4.jpg]
[wezom.com/Media/files/filemanager/blog/vehicle-inspection-system-for-auto-transport-business/vehicle-inspection-system-for-auto-transport-business-5.jpg]
[wezom.com/blog/vehicle-inspection-system-for-auto-transport-business.html]
[wezom.com/Media/images/image_opengraph/e22338cdf63711fa156cf746ac24edfb80ba.jpg]
[wezom.com/Media/images/blogstudio/e9cfd63e58736aa794c2e3e932333b5e80ba.jpg]
[wezom.com/Media/files/filemanager/part 2/1Montway.png]
[wezom.com/Media/files/filemanager/part 2/2CarMax.png]
[wezom.com/Media/files/filemanager/part 2/3Road Warriors.png]
[wezom.com/Media/files/filemanager/part 2/4Accelerated Services.png]
[wezom.com/Media/files/filemanager/part 2/5RPM_Монтажная область 1.png]
[wezom.com/Media/files/filemanager/part 2/6Wholesale Express.png]
[wezom.com/Media/files/filemanager/part 2/7Ship a Car Direct.png]
[wezom.com/Media/files/filemanager/part 2/8Circle Logistics.png]
[wezom.com/Media/files/filemanager/part 2/9ACV Auctions.png]
[wezom.com/blog/popular-digital-products-for-freight-transportation-organizing--reviews-part-2.html]
[wezom.com/Media/images/image_opengraph/f612688f9fb727356a18431a249f3faf80ba.jpg]
[wezom.com/Media/images/blogstudio/bdd6a5f8f04c0f98df87992b618716fb80ba.jpg]
[wezom.com/Media/files/filemanager/blog/tech stack/choosing-a-tech-stack-for-your-transportation-management-system-2.jpg]
[wezom.com/Media/files/filemanager/blog/tech stack/choosing-a-tech-stack-for-your-transportation-management-system-3.jpg]
[wezom.com/Media/files/filemanager/blog/tech stack/choosing-a-tech-stack-for-your-transportation-management-system-4.jpg]
[wezom.com/blog/choosing-a-tech-stack-for-your-transportation-management-system.html]
[wezom.com/Media/images/image_opengraph/9c1e289f8d842aa142b080dcaddab27d80ba.jpg]
[wezom.com/Media/images/blogstudio/45abcc2ac3536680969c584561bf7ec280ba.jpg]
[wezom.com/Media/files/filemanager/blog/bestlogisticssolutions/best-logistics-software-solutions-for-your-business-2.jpg]
[wezom.com/Media/files/filemanager/blog/bestlogisticssolutions/best-logistics-software-solutions-for-your-business-3.jpg]
[wezom.com/Media/files/filemanager/blog/bestlogisticssolutions/best-logistics-software-solutions-for-your-business-4.jpg]
[wezom.com/Media/files/filemanager/blog/bestlogisticssolutions/best-logistics-software-solutions-for-your-business-5.jpg]
[wezom.com/blog/best-logistics-software-solutions-for-your-business.html]
[wezom.com/blog/page/4.html]
[wezom.com/blog/page/5.html]
[wezom.com/blog/page/6.html]
[wezom.com/Media/images/image_opengraph/666da4937f6e75de91f6dfbf99c6983b80ba.jpg]
[wezom.com/Media/images/blogstudio/903110059260a95d8eecd179fa1ec0f380ba.jpg]
[wezom.com/Media/files/filemanager/blog/wms/warehouse-management-system-wms-2.jpg]
[wezom.com/Media/files/filemanager/blog/wms/warehouse-management-system-wms-3.jpg]
[wezom.com/Media/files/filemanager/blog/wms/warehouse-management-system-wms-4.jpg]
[wezom.com/Media/files/filemanager/blog/wms/warehouse-management-system-wms-5.jpg]
[wezom.com/blog/warehouse-management-system-wms.html]
[wezom.com/Media/images/image_opengraph/8515d77e4cf563679ad5c0ab7058ee8180ba.jpg]
[wezom.com/Media/images/blogstudio/3a7be4de9f00895075fe091b27efb41180ba.jpg]
[wezom.com/Media/files/filemanager/blog/Customer Portal/logistics-customer-portal-2.jpg]
[wezom.com/Media/files/filemanager/blog/Customer Portal/logistics-customer-portal-3.jpg]
[wezom.com/Media/files/filemanager/blog/Customer Portal/logistics-customer-portal-4.jpg]
[wezom.com/blog/logistics-customer-portal.html]
[wezom.com/Media/images/image_opengraph/f0934eb2a8aa64d03a16df52ac305da280ba.jpg]
[wezom.com/Media/images/blogstudio/9f34f8bfc377996605b805b1182152bd80ba.jpg]
[wezom.com/Media/files/filemanager/blog/streamlining-load-planning-for-transportation-businesses/streamlining-load-planning-2.png]
[wezom.com/Media/files/filemanager/blog/streamlining-load-planning-for-transportation-businesses/streamlining-load-planning-3.png]
[wezom.com/Media/files/filemanager/blog/streamlining-load-planning-for-transportation-businesses/streamlining-load-planning-4.png]
[wezom.com/Media/files/filemanager/blog/streamlining-load-planning-for-transportation-businesses/streamlining-load-planning-5.png]
[wezom.com/blog/streamlining-load-planning-for-transportation-businesses.html]
[wezom.com/Media/images/image_opengraph/6bf62dc0829c17192aa00ef0e56c0ced80ba.jpg]
[wezom.com/Media/images/blogstudio/2cfd3f1a61799c75aa6f88b0b2ea435280ba.jpg]
[wezom.com/Media/files/filemanager/blog/software-development-for-auto-transport-companies/software-development-for-auto-transport-companies-1.jpg]
[wezom.com/Media/files/filemanager/blog/software-development-for-auto-transport-companies/software-development-for-auto-transport-companies-2.jpg]
[wezom.com/Media/files/filemanager/blog/software-development-for-auto-transport-companies/software-development-for-auto-transport-companies-3.jpg]
[wezom.com/Media/files/filemanager/blog/software-development-for-auto-transport-companies/software-development-for-auto-transport-companies-4.jpg]
[wezom.com/blog/software-development-for-auto-transport-companies.html]
[wezom.com/Media/images/image_opengraph/3ce05f2b3d31b357bd0a1236dd69b9e580ba.jpg]
[wezom.com/Media/images/blogstudio/e3c86dff3d8c89ea806d646cc41e019980ba.jpg]
[wezom.com/Media/files/filemanager/blog/top-7-benefits-of-building-a-custom-software/top-7-benefits-of-building-a-custom-software-for-auto-transport-business-2.jpg]
[wezom.com/Media/files/filemanager/blog/top-7-benefits-of-building-a-custom-software/top-7-benefits-of-building-a-custom-software-for-auto-transport-business-3.jpg]
[wezom.com/Media/files/filemanager/blog/top-7-benefits-of-building-a-custom-software/top-7-benefits-of-building-a-custom-software-for-auto-transport-business-4.jpg]
[wezom.com/Media/files/filemanager/blog/top-7-benefits-of-building-a-custom-software/top-7-benefits-of-building-a-custom-software-for-auto-transport-business-5.jpg]
[wezom.com/blog/top-7-benefits-of-building-a-custom-software-for-auto-transport-business.html]
[wezom.com/Media/images/image_opengraph/4ba3ec1c28806a9754f7db249e34be7780ba.jpg]
[wezom.com/Media/images/blogstudio/f9069025a3ccee51ea9bbb99cdc2c43080ba.jpg]
[wezom.com/Media/files/filemanager/blog/logistics-software-market-the-trend-towards-custom-development/logistics-software-market-the-trend-towards-custom-development-1.jpg]
[wezom.com/Media/files/filemanager/blog/logistics-software-market-the-trend-towards-custom-development/logistics-software-market-the-trend-towards-custom-development-2.jpg]
[wezom.com/Media/files/filemanager/blog/logistics-software-market-the-trend-towards-custom-development/logistics-software-market-the-trend-towards-custom-development-3.jpg]
[wezom.com/Media/files/filemanager/blog/logistics-software-market-the-trend-towards-custom-development/logistics-software-market-the-trend-towards-custom-development-4_1.jpg]
[wezom.com/Media/files/filemanager/blog/logistics-software-market-the-trend-towards-custom-development/logistics-software-market-the-trend-towards-custom-development-5.jpg]
[wezom.com/blog/logistics-software-market-the-trend-towards-custom-development.html]
[wezom.com/Media/images/image_opengraph/740c9f998b706cdf21f99721edd3aea880ba.jpg]
[wezom.com/Media/images/blogstudio/c38f63a26af6cd4bee1663cef729945780ba.jpg]
[wezom.com/Media/files/filemanager/blog/how-digitalization-reduces-logistics-costs/how-digitalization-reduces-logistics-costs-1.jpg]
[wezom.com/Media/files/filemanager/blog/how-digitalization-reduces-logistics-costs/how-digitalization-reduces-logistics-costs-2.jpg]
[wezom.com/Media/files/filemanager/blog/how-digitalization-reduces-logistics-costs/how-digitalization-reduces-logistics-costs-3.jpg]
[wezom.com/Media/files/filemanager/blog/how-digitalization-reduces-logistics-costs/how-digitalization-reduces-logistics-costs-4.jpg]
[wezom.com/blog/how-digitalization-reduces-logistics-costs.html]
